pci.c:36:1:pci_hose_read_config_byte	8	static
pci.c:37:1:pci_hose_read_config_word	8	static
pci.c:38:1:pci_hose_read_config_dword	8	static
pci.c:39:1:pci_hose_write_config_byte	8	static
pci.c:40:1:pci_hose_write_config_word	8	static
pci.c:41:1:pci_hose_write_config_dword	8	static
pci.c:102:1:pci_hose_read_config_byte_via_dword	24	static
pci.c:103:1:pci_hose_read_config_word_via_dword	24	static
pci.c:104:1:pci_hose_write_config_byte_via_dword	32	static
pci.c:105:1:pci_hose_write_config_word_via_dword	32	static
pci.c:113:24:pci_get_hose_head	0	static
pci.c:121:6:pci_register_hose	0	static
pci.c:133:24:pci_bus_to_hose	16	static
pci.c:57:1:pci_read_config_byte	16	static
pci.c:58:1:pci_read_config_word	16	static
pci.c:59:1:pci_read_config_dword	16	static
pci.c:60:1:pci_write_config_byte	16	static
pci.c:61:1:pci_write_config_word	16	static
pci.c:62:1:pci_write_config_dword	16	static
pci.c:146:24:find_hose_by_cfg_addr	8	static
pci.c:158:5:pci_last_busno	8	static
pci.c:171:11:pci_find_devices	32	static
pci.c:188:5:pci_hose_config_device	56	static
pci.c:286:26:pci_find_config	16	static
pci.c:310:6:pci_cfgfunc_config_device	16	static
pci.c:318:6:pci_cfgfunc_do_nothing	0	static
pci.c:330:12:pci_print_dev	0	static
pci.c:339:5:pci_hose_scan_bus	72	static
pci.c:422:5:pci_hose_scan	8	static
pci.c:457:6:pci_init	0	static
pci.c:486:5:pci_hose_find_cap_start	16	static
pci.c:507:5:pci_find_cap	32	static
pci.c:469:5:pci_hose_find_capability	24	static
pci.c:538:5:pci_find_next_ext_capability	40	static
pci.c:577:5:pci_hose_find_ext_capability	0	static
