ipu_common.c:150:12:clk_ipu_enable	0	static
ipu_common.c:172:13:clk_ipu_disable	0	static
ipu_common.c:362:12:ipu_pixel_clk_enable	0	static
ipu_common.c:371:13:ipu_pixel_clk_disable	0	static
ipu_common.c:293:22:ipu_pixel_clk_round_rate	48	static
ipu_common.c:327:12:ipu_pixel_clk_set_rate	40	static
ipu_common.c:277:13:ipu_pixel_clk_recalc	24	static
ipu_common.c:379:12:ipu_pixel_clk_set_parent	8	static
ipu_common.c:84:6:clk_enable	8	static
ipu_common.c:93:6:clk_disable	8	static
ipu_common.c:103:5:clk_get_usecount	0	static
ipu_common.c:111:5:clk_get_rate	0	static
ipu_common.c:119:13:clk_get_parent	0	static
ipu_common.c:127:5:clk_set_rate	8	static
ipu_common.c:134:6:clk_round_rate	8	static
ipu_common.c:142:5:clk_set_parent	8	static
ipu_common.c:452:5:ipu_probe	24	static
ipu_common.c:516:6:ipu_dump_registers	0	static
ipu_common.c:562:9:ipu_init_channel	24	static
ipu_common.c:651:6:ipu_uninit_channel	32	static
ipu_common.c:1050:9:ipu_enable_channel	24	static
ipu_common.c:1094:6:ipu_clear_buffer_ready	0	static
ipu_common.c:1128:9:ipu_disable_channel	32	static
ipu_common.c:1182:10:bytes_per_pixel	0	static
ipu_common.c:994:9:ipu_init_channel_buffer	96	static
ipu_common.c:1215:19:format_to_colorspace	0	static
ipu_common.c:1240:5:ipu_set_ldb_clock	0	static
