Archive member included because of file (symbol)

/opt/poky/1.5.1/sysroots/cortexa9hf-vfp-neon-poky-linux-gnueabi/usr/lib/arm-poky-linux-gnueabi/4.8.1/libgcc.a(_udivsi3.o)
                              arch/arm/cpu/armv7/built-in.o (__aeabi_uidiv)
/opt/poky/1.5.1/sysroots/cortexa9hf-vfp-neon-poky-linux-gnueabi/usr/lib/arm-poky-linux-gnueabi/4.8.1/libgcc.a(_divsi3.o)
                              cmd/built-in.o (__aeabi_idiv)
/opt/poky/1.5.1/sysroots/cortexa9hf-vfp-neon-poky-linux-gnueabi/usr/lib/arm-poky-linux-gnueabi/4.8.1/libgcc.a(_lshrdi3.o)
                              fs/built-in.o (__aeabi_llsr)
/opt/poky/1.5.1/sysroots/cortexa9hf-vfp-neon-poky-linux-gnueabi/usr/lib/arm-poky-linux-gnueabi/4.8.1/libgcc.a(_ashldi3.o)
                              drivers/mmc/built-in.o (__aeabi_llsl)
/opt/poky/1.5.1/sysroots/cortexa9hf-vfp-neon-poky-linux-gnueabi/usr/lib/arm-poky-linux-gnueabi/4.8.1/libgcc.a(_dvmd_lnx.o)
                              /opt/poky/1.5.1/sysroots/cortexa9hf-vfp-neon-poky-linux-gnueabi/usr/lib/arm-poky-linux-gnueabi/4.8.1/libgcc.a(_udivsi3.o) (__aeabi_idiv0)

Discarded input sections

 .data          0x0000000000000000        0x0 arch/arm/cpu/armv7/start.o
 .bss           0x0000000000000000        0x0 arch/arm/cpu/armv7/start.o
 .text.v7_outer_cache_enable
                0x0000000000000000        0x4 arch/arm/cpu/armv7/built-in.o
 .text.v7_outer_cache_disable
                0x0000000000000000        0x4 arch/arm/cpu/armv7/built-in.o
 .text.v7_outer_cache_flush_all
                0x0000000000000000        0x4 arch/arm/cpu/armv7/built-in.o
 .text.v7_outer_cache_inval_all
                0x0000000000000000        0x4 arch/arm/cpu/armv7/built-in.o
 .text.v7_outer_cache_flush_range
                0x0000000000000000        0x4 arch/arm/cpu/armv7/built-in.o
 .text.v7_outer_cache_inval_range
                0x0000000000000000        0x4 arch/arm/cpu/armv7/built-in.o
 .text.v7_arch_cp15_set_l2aux_ctrl
                0x0000000000000000        0x8 arch/arm/cpu/armv7/built-in.o
 .text.v7_arch_cp15_set_acr
                0x0000000000000000        0x8 arch/arm/cpu/armv7/built-in.o
 .text.sdelay   0x0000000000000000        0xc arch/arm/cpu/armv7/built-in.o
 .text.wait_on_value
                0x0000000000000000       0x34 arch/arm/cpu/armv7/built-in.o
 .text.board_mmc_get_env_dev
                0x0000000000000000        0x8 arch/arm/cpu/armv7/built-in.o
 .text.enable_enet_clk
                0x0000000000000000       0x48 arch/arm/cpu/armv7/built-in.o
 .text.enable_uart_clk
                0x0000000000000000       0x40 arch/arm/cpu/armv7/built-in.o
 .text.enable_usdhc_clk
                0x0000000000000000       0x4c arch/arm/cpu/armv7/built-in.o
 .text.enable_spi_clk
                0x0000000000000000       0x44 arch/arm/cpu/armv7/built-in.o
 .text.enable_fec_anatop_clock
                0x0000000000000000       0xdc arch/arm/cpu/armv7/built-in.o
 .text.select_ldb_di_clock_source
                0x0000000000000000      0x174 arch/arm/cpu/armv7/built-in.o
 .data          0x0000000000000000        0x0 arch/arm/cpu/armv7/built-in.o
 .bss           0x0000000000000000        0x0 arch/arm/cpu/armv7/built-in.o
 .text          0x0000000000000000        0x0 arch/arm/imx-common/built-in.o
 .text.get_imx_reset_cause
                0x0000000000000000       0x10 arch/arm/imx-common/built-in.o
 .text.set_chipselect_size
                0x0000000000000000       0x84 arch/arm/imx-common/built-in.o
 .text.mxs_wait_mask_set
                0x0000000000000000       0x40 arch/arm/imx-common/built-in.o
 .text.mxs_wait_mask_clr
                0x0000000000000000       0x3c arch/arm/imx-common/built-in.o
 .text.mxs_reset_block
                0x0000000000000000       0x90 arch/arm/imx-common/built-in.o
 .data          0x0000000000000000        0x0 arch/arm/imx-common/built-in.o
 .bss           0x0000000000000000        0x0 arch/arm/imx-common/built-in.o
 .text.reset_misc
                0x0000000000000000        0x4 arch/arm/lib/built-in.o
 .text.enable_caches
                0x0000000000000000        0xc arch/arm/lib/built-in.o
 .text.invalidate_dcache_range
                0x0000000000000000        0x4 arch/arm/lib/built-in.o
 .text.flush_dcache_range
                0x0000000000000000        0x4 arch/arm/lib/built-in.o
 .text.flush_dcache_all
                0x0000000000000000        0xc arch/arm/lib/built-in.o
 .text.arm_init_before_mmu
                0x0000000000000000        0x4 arch/arm/lib/built-in.o
 .text.mmu_page_table_flush
                0x0000000000000000        0x4 arch/arm/lib/built-in.o
 .rodata.pl310  0x0000000000000000        0x4 arch/arm/lib/built-in.o
 .data          0x0000000000000000        0x0 arch/arm/lib/built-in.o
 .__secure_end  0x0000000000000000        0x0 arch/arm/lib/built-in.o
 .__secure_start
                0x0000000000000000        0x0 arch/arm/lib/built-in.o
 .bss           0x0000000000000000        0x0 arch/arm/lib/built-in.o
[...]
Memory Configuration

Name             Origin             Length             Attributes
*default*        0x0000000000000000 0xffffffffffffffff

Linker script and memory map

Address of section .text set to 0x17800000
                0x0000000000000000                . = 0x0
                0x0000000000000000                . = ALIGN (0x4)

.text           0x0000000017800000    0x4d468
 *(.__image_copy_start)
 .__image_copy_start
                0x0000000017800000        0x0 arch/arm/lib/built-in.o
                0x0000000017800000                __image_copy_start
 *(.vectors)
 .vectors       0x0000000017800000      0x300 arch/arm/lib/built-in.o
                0x0000000017800000                _start
                0x0000000017800020                _undefined_instruction
                0x0000000017800024                _software_interrupt
                0x0000000017800028                _prefetch_abort
                0x000000001780002c                _data_abort
                0x0000000017800030                _not_used
                0x0000000017800034                _irq
                0x0000000017800038                _fiq
                0x0000000017800040                IRQ_STACK_START_IN
 arch/arm/cpu/armv7/start.o(.text*)
 .text          0x0000000017800300       0xe0 arch/arm/cpu/armv7/start.o
                0x0000000017800300                reset
                0x0000000017800304                save_boot_params_ret
                0x0000000017800340                c_runtime_cpu_setup
                0x0000000017800350                save_boot_params
                0x0000000017800354                cpu_init_cp15
                0x00000000178003d8                cpu_init_crit
 *(.text*)
 .text          0x00000000178003e0      0x16c arch/arm/cpu/armv7/built-in.o
                0x00000000178003e0                __v7_flush_dcache_all
                0x0000000017800474                v7_flush_dcache_all
                0x0000000017800484                __v7_invalidate_dcache_all
                0x0000000017800518                v7_invalidate_dcache_all
                0x0000000017800528                lowlevel_init
 .text.v7_dcache_inval_range
                0x000000001780054c       0x80 arch/arm/cpu/armv7/built-in.o
 .text.invalidate_icache_all
                0x00000000178005cc       0x18 arch/arm/cpu/armv7/built-in.o
                0x00000000178005cc                invalidate_icache_all
 .text.flush_dcache_all
                0x00000000178005e4       0x10 arch/arm/cpu/armv7/built-in.o
                0x00000000178005e4                flush_dcache_all
 .text.invalidate_dcache_all
                0x00000000178005f4       0x10 arch/arm/cpu/armv7/built-in.o
                0x00000000178005f4                invalidate_dcache_all
 .text.arm_init_before_mmu
                0x0000000017800604       0x28 arch/arm/cpu/armv7/built-in.o
                0x0000000017800604                arm_init_before_mmu
 .text.flush_dcache_range
                0x000000001780062c       0x38 arch/arm/cpu/armv7/built-in.o
                0x000000001780062c                flush_dcache_range
 .text.mmu_page_table_flush
                0x0000000017800664       0x24 arch/arm/cpu/armv7/built-in.o
                0x0000000017800664                mmu_page_table_flush
 .text.invalidate_dcache_range
                0x0000000017800688       0x38 arch/arm/cpu/armv7/built-in.o
                0x0000000017800688                invalidate_dcache_range
 .text.cpu_cache_initialization
                0x00000000178006c0        0x4 arch/arm/cpu/armv7/built-in.o
                0x00000000178006c0                cpu_cache_initialization
 .text.cleanup_before_linux_select
                0x00000000178006c4       0x4c arch/arm/cpu/armv7/built-in.o
                0x00000000178006c4                cleanup_before_linux_select
 .text.cleanup_before_linux
                0x0000000017800710        0x8 arch/arm/cpu/armv7/built-in.o
                0x0000000017800710                cleanup_before_linux
 .text.get_nr_cpus
                0x0000000017800718       0x10 arch/arm/cpu/armv7/built-in.o
                0x0000000017800718                get_nr_cpus
 .text.get_cpu_rev
                0x0000000017800728       0x9c arch/arm/cpu/armv7/built-in.o
                0x0000000017800728                get_cpu_rev
 .text.get_cpu_speed_grade_hz
                0x00000000178007c4       0xb4 arch/arm/cpu/armv7/built-in.o
                0x00000000178007c4                get_cpu_speed_grade_hz
 .text.get_cpu_temp_grade
                0x0000000017800878       0x68 arch/arm/cpu/armv7/built-in.o
                0x0000000017800878                get_cpu_temp_grade
 .text.get_board_rev
                0x00000000178008e0       0x30 arch/arm/cpu/armv7/built-in.o
                0x00000000178008e0                get_board_rev
 .text.arch_cpu_init
                0x0000000017800910       0xd0 arch/arm/cpu/armv7/built-in.o
                0x0000000017800910                arch_cpu_init
 .text.mmc_get_env_dev
                0x00000000178009e0       0x28 arch/arm/cpu/armv7/built-in.o
                0x00000000178009e0                mmc_get_env_dev
 .text.board_postclk_init
                0x0000000017800a08       0x54 arch/arm/cpu/armv7/built-in.o
                0x0000000017800a08                board_postclk_init
 .text.imx_get_mac_from_fuse
                0x0000000017800a5c       0xb0 arch/arm/cpu/armv7/built-in.o
                0x0000000017800a5c                imx_get_mac_from_fuse
 .text.reset_misc
                0x0000000017800b0c        0x4 arch/arm/cpu/armv7/built-in.o
                0x0000000017800b0c                reset_misc
 .text.s_init   0x0000000017800b10       0x88 arch/arm/cpu/armv7/built-in.o
                0x0000000017800b10                s_init
 .text.imx_enable_hdmi_phy
                0x0000000017800b98       0x5c arch/arm/cpu/armv7/built-in.o
                0x0000000017800b98                imx_enable_hdmi_phy
 .text.imx_setup_hdmi
                0x0000000017800bf4       0x8c arch/arm/cpu/armv7/built-in.o
                0x0000000017800bf4                imx_setup_hdmi
 .text.get_ipg_clk
                0x0000000017800c80       0x28 arch/arm/cpu/armv7/built-in.o
 .text.get_uart_clk
                0x0000000017800ca8       0xb4 arch/arm/cpu/armv7/built-in.o
 .text.mxc_get_pll_pfd
                0x0000000017800d5c       0xc8 arch/arm/cpu/armv7/built-in.o
 .text.get_usdhc_clk
                0x0000000017800e24       0x90 arch/arm/cpu/armv7/built-in.o
 .text.enable_ocotp_clk
                0x0000000017800eb4       0x24 arch/arm/cpu/armv7/built-in.o
                0x0000000017800eb4                enable_ocotp_clk
 .text.enable_usboh3_clk
                0x0000000017800ed8       0x24 arch/arm/cpu/armv7/built-in.o
                0x0000000017800ed8                enable_usboh3_clk
 .text.enable_i2c_clk
                0x0000000017800efc       0xa8 arch/arm/cpu/armv7/built-in.o
                0x0000000017800efc                enable_i2c_clk
 .text.get_periph_clk
                0x0000000017800fa4       0xe0 arch/arm/cpu/armv7/built-in.o
                0x0000000017800fa4                get_periph_clk
 .text.get_axi_clk
                0x0000000017801084       0x4c arch/arm/cpu/armv7/built-in.o
 .text.imx_get_uartclk
                0x00000000178010d0        0x4 arch/arm/cpu/armv7/built-in.o
                0x00000000178010d0                imx_get_uartclk
 .text.enable_pcie_clock
                0x00000000178010d4       0xbc arch/arm/cpu/armv7/built-in.o
                0x00000000178010d4                enable_pcie_clock
 .text.enable_thermal_clk
                0x0000000017801190       0x4c arch/arm/cpu/armv7/built-in.o
                0x0000000017801190                enable_thermal_clk
 .text.mxc_get_clock
                0x00000000178011dc      0x468 arch/arm/cpu/armv7/built-in.o
                0x00000000178011dc                mxc_get_clock
 .text.imx_get_fecclk
                0x0000000017801644        0x8 arch/arm/cpu/armv7/built-in.o
                0x0000000017801644                imx_get_fecclk
 .text.do_mx6_showclocks
                0x000000001780164c      0x2a0 arch/arm/cpu/armv7/built-in.o
                0x000000001780164c                do_mx6_showclocks
 .text.enable_ipu_clock
                0x00000000178018ec       0x5c arch/arm/cpu/armv7/built-in.o
                0x00000000178018ec                enable_ipu_clock
 .text.cpu_reset
                0x0000000017801948       0x28 arch/arm/cpu/armv7/built-in.o
                0x0000000017801948                cpu_reset
 .text.cpu_status
                0x0000000017801970       0x40 arch/arm/cpu/armv7/built-in.o
                0x0000000017801970                cpu_status
 .text.cpu_release
                0x00000000178019b0       0x80 arch/arm/cpu/armv7/built-in.o
                0x00000000178019b0                cpu_release
 .text.is_core_valid
                0x0000000017801a30       0x1c arch/arm/cpu/armv7/built-in.o
                0x0000000017801a30                is_core_valid
 .text.cpu_disable
                0x0000000017801a4c       0x28 arch/arm/cpu/armv7/built-in.o
                0x0000000017801a4c                cpu_disable
 .text.imx_iomux_v3_setup_pad
                0x0000000017801a74       0xc0 arch/arm/imx-common/built-in.o
                0x0000000017801a74                imx_iomux_v3_setup_pad
 .text.imx_iomux_v3_setup_multiple_pads
                0x0000000017801b34       0x30 arch/arm/imx-common/built-in.o
                0x0000000017801b34                imx_iomux_v3_setup_multiple_pads
 .text.imx_iomux_set_gpr_register
                0x0000000017801b64       0x3c arch/arm/imx-common/built-in.o
                0x0000000017801b64                imx_iomux_set_gpr_register
 .text.timer_init
                0x0000000017801ba0      0x128 arch/arm/imx-common/built-in.o
                0x0000000017801ba0                timer_init
 .text.timer_read_counter
                0x0000000017801cc8       0x10 arch/arm/imx-common/built-in.o
                0x0000000017801cc8                timer_read_counter
 .text.get_tbclk
                0x0000000017801cd8       0x90 arch/arm/imx-common/built-in.o
                0x0000000017801cd8                get_tbclk
 .text.imx_ddr_size
                0x0000000017801d68       0x68 arch/arm/imx-common/built-in.o
                0x0000000017801d68                imx_ddr_size
 .text.get_imx_type
                0x0000000017801dd0       0x20 arch/arm/imx-common/built-in.o
                0x0000000017801dd0                get_imx_type
 .text.print_cpuinfo
                0x0000000017801df0      0x258 arch/arm/imx-common/built-in.o
                0x0000000017801df0                print_cpuinfo
 .text.cpu_eth_init
                0x0000000017802048        0x4 arch/arm/imx-common/built-in.o
                0x0000000017802048                cpu_eth_init
 .text.cpu_mmc_init
                0x000000001780204c        0x4 arch/arm/imx-common/built-in.o
                0x000000001780204c                cpu_mmc_init
 .text.get_ahb_clk
                0x0000000017802050       0x24 arch/arm/imx-common/built-in.o
                0x0000000017802050                get_ahb_clk
 .text.arch_preboot_os
                0x0000000017802074        0x4 arch/arm/imx-common/built-in.o
                0x0000000017802074                arch_preboot_os
 .text.get_clocks
                0x0000000017802078       0x1c arch/arm/imx-common/built-in.o
                0x0000000017802078                get_clocks
 .text.force_idle_bus
                0x0000000017802094      0x124 arch/arm/imx-common/built-in.o
                0x0000000017802094                force_idle_bus
 .text.setup_i2c
                0x00000000178021b8       0xe0 arch/arm/imx-common/built-in.o
                0x00000000178021b8                setup_i2c
 .text.enable_caches
                0x0000000017802298       0x34 arch/arm/imx-common/built-in.o
                0x0000000017802298                enable_caches
 .text.v7_outer_cache_enable
                0x00000000178022cc       0x58 arch/arm/imx-common/built-in.o
                0x00000000178022cc                v7_outer_cache_enable
 .text.v7_outer_cache_disable
                0x0000000017802324       0x18 arch/arm/imx-common/built-in.o
                0x0000000017802324                v7_outer_cache_disable
 .text.init_aips
                0x000000001780233c       0xb4 arch/arm/imx-common/built-in.o
                0x000000001780233c                init_aips
 .text.imx_set_wdog_powerdown
                0x00000000178023f0       0x7c arch/arm/imx-common/built-in.o
                0x00000000178023f0                imx_set_wdog_powerdown
 .text.init_src
                0x000000001780246c       0x18 arch/arm/imx-common/built-in.o
                0x000000001780246c                init_src
 .text.boot_mode_apply
                0x0000000017802484       0x28 arch/arm/imx-common/built-in.o
                0x0000000017802484                boot_mode_apply
 .text.board_video_skip
                0x00000000178024ac      0x164 arch/arm/imx-common/built-in.o
                0x00000000178024ac                board_video_skip
 .text.detect_hdmi
                0x0000000017802610       0x18 arch/arm/imx-common/built-in.o
                0x0000000017802610                detect_hdmi
 .text.create_usage
                0x0000000017802628       0xa0 arch/arm/imx-common/built-in.o
 .text.do_boot_mode
                0x00000000178026c8       0xd0 arch/arm/imx-common/built-in.o
 .text.add_board_boot_modes
                0x0000000017802798       0x60 arch/arm/imx-common/built-in.o
                0x0000000017802798                add_board_boot_modes
 .text          0x00000000178027f8       0x90 arch/arm/lib/built-in.o
                0x00000000178027f8                _main
 .text.relocate_vectors
                0x0000000017802888       0x70 arch/arm/lib/built-in.o
                0x0000000017802888                relocate_vectors
                0x0000000017802894                relocate_code
 .text.arch_fixup_fdt
                0x00000000178028f8       0x38 arch/arm/lib/built-in.o
                0x00000000178028f8                arch_fixup_fdt
 .text.boot_jump_linux
                0x0000000017802930       0xc4 arch/arm/lib/built-in.o
 .text.arch_lmb_reserve
                0x00000000178029f4       0x24 arch/arm/lib/built-in.o
                0x00000000178029f4                arch_lmb_reserve
 .text.setup_board_tags
                0x0000000017802a18        0x4 arch/arm/lib/built-in.o
                0x0000000017802a18                setup_board_tags
 .text.boot_prep_linux
                0x0000000017802a1c      0x1d0 arch/arm/lib/built-in.o
 .text.do_bootm_linux
                0x0000000017802bec       0x60 arch/arm/lib/built-in.o
                0x0000000017802bec                do_bootm_linux
 .text.bootz_setup
                0x0000000017802c4c       0x60 arch/arm/lib/built-in.o
                0x0000000017802c4c                bootz_setup
 .text.boot_prep_vxworks
                0x0000000017802cac       0x4c arch/arm/lib/built-in.o
                0x0000000017802cac                boot_prep_vxworks
 .text.boot_jump_vxworks
                0x0000000017802cf8       0x14 arch/arm/lib/built-in.o
                0x0000000017802cf8                boot_jump_vxworks
 .text.pl310_background_op_all_ways
                0x0000000017802d0c       0x3c arch/arm/lib/built-in.o
 .text.v7_outer_cache_inval_all
                0x0000000017802d48        0xc arch/arm/lib/built-in.o
                0x0000000017802d48                v7_outer_cache_inval_all
 .text.v7_outer_cache_flush_all
                0x0000000017802d54        0xc arch/arm/lib/built-in.o
                0x0000000017802d54                v7_outer_cache_flush_all
 .text.v7_outer_cache_flush_range
                0x0000000017802d60       0x30 arch/arm/lib/built-in.o
                0x0000000017802d60                v7_outer_cache_flush_range
 .text.v7_outer_cache_inval_range
                0x0000000017802d90       0x80 arch/arm/lib/built-in.o
                0x0000000017802d90                v7_outer_cache_inval_range
 .text.arch_reserve_stacks
                0x0000000017802e10       0x1c arch/arm/lib/built-in.o
                0x0000000017802e10                arch_reserve_stacks
 .text.interrupt_init
                0x0000000017802e2c       0x1c arch/arm/lib/built-in.o
                0x0000000017802e2c                interrupt_init
 .text.enable_interrupts
                0x0000000017802e48        0x4 arch/arm/lib/built-in.o
                0x0000000017802e48                enable_interrupts
 .text.disable_interrupts
                0x0000000017802e4c        0x8 arch/arm/lib/built-in.o
                0x0000000017802e4c                disable_interrupts
 .text.bad_mode
                0x0000000017802e54       0x10 arch/arm/lib/built-in.o
                0x0000000017802e54                bad_mode
 .text.show_regs
                0x0000000017802e64      0x174 arch/arm/lib/built-in.o
                0x0000000017802e64                show_regs
 .text.do_undefined_instruction
                0x0000000017802fd8       0x24 arch/arm/lib/built-in.o
                0x0000000017802fd8                do_undefined_instruction
 .text.do_software_interrupt
                0x0000000017802ffc       0x24 arch/arm/lib/built-in.o
                0x0000000017802ffc                do_software_interrupt
 .text.do_prefetch_abort
                0x0000000017803020       0x24 arch/arm/lib/built-in.o
                0x0000000017803020                do_prefetch_abort
 .text.do_data_abort
                0x0000000017803044       0x24 arch/arm/lib/built-in.o
                0x0000000017803044                do_data_abort
 .text.do_not_used
                0x0000000017803068       0x24 arch/arm/lib/built-in.o
                0x0000000017803068                do_not_used
 .text.do_fiq   0x000000001780308c       0x24 arch/arm/lib/built-in.o
                0x000000001780308c                do_fiq
 .text.do_irq   0x00000000178030b0       0x24 arch/arm/lib/built-in.o
                0x00000000178030b0                do_irq
 .text.do_reset
                0x00000000178030d4       0x30 arch/arm/lib/built-in.o
                0x00000000178030d4                do_reset
 .text.flush_cache
                0x0000000017803104        0x8 arch/arm/lib/built-in.o
                0x0000000017803104                flush_cache
 .text.cp_delay
                0x000000001780310c       0x30 arch/arm/lib/built-in.o
 .text.arm_init_domains
                0x000000001780313c        0x4 arch/arm/lib/built-in.o
                0x000000001780313c                arm_init_domains
 .text.set_section_dcache
                0x0000000017803140       0x14 arch/arm/lib/built-in.o
                0x0000000017803140                set_section_dcache
 .text.mmu_set_region_dcache_behaviour
                0x0000000017803154       0x50 arch/arm/lib/built-in.o
                0x0000000017803154                mmu_set_region_dcache_behaviour
 .text.dram_bank_mmu_setup
                0x00000000178031a4       0x44 arch/arm/lib/built-in.o
                0x00000000178031a4                dram_bank_mmu_setup
 .text.icache_enable
                0x00000000178031e8       0x18 arch/arm/lib/built-in.o
                0x00000000178031e8                icache_enable
 .text.icache_disable
                0x0000000017803200       0x20 arch/arm/lib/built-in.o
                0x0000000017803200                icache_disable
 .text.icache_status
                0x0000000017803220        0xc arch/arm/lib/built-in.o
                0x0000000017803220                icache_status
 .text.dcache_enable
                0x000000001780322c       0x78 arch/arm/lib/built-in.o
                0x000000001780322c                dcache_enable
 .text.dcache_disable
                0x00000000178032a4       0x2c arch/arm/lib/built-in.o
                0x00000000178032a4                dcache_disable
 .text.dcache_status
                0x00000000178032d0        0xc arch/arm/lib/built-in.o
                0x00000000178032d0                dcache_status
 .text.pfuze_mode_init
                0x00000000178032dc       0xdc board/freescale/common/built-in.o
                0x00000000178032dc                pfuze_mode_init
 .text.pfuze_common_init
                0x00000000178033b8      0x10c board/freescale/common/built-in.o
                0x00000000178033b8                pfuze_common_init
 .text.enable_rgb
                0x00000000178034c4       0x24 board/freescale/mx6sabresd/built-in.o
 .text.do_enable_hdmi
                0x00000000178034e8       0x18 board/freescale/mx6sabresd/built-in.o
 .text.dram_init
                0x0000000017803500       0x18 board/freescale/mx6sabresd/built-in.o
                0x0000000017803500                dram_init
 .text.board_mmc_get_env_dev
                0x0000000017803518        0x8 board/freescale/mx6sabresd/built-in.o
                0x0000000017803518                board_mmc_get_env_dev
 .text.board_mmc_getcd
                0x0000000017803520       0x60 board/freescale/mx6sabresd/built-in.o
                0x0000000017803520                board_mmc_getcd
 .text.board_mmc_init
                0x0000000017803580       0xb8 board/freescale/mx6sabresd/built-in.o
                0x0000000017803580                board_mmc_init
 .text.overwrite_console
                0x0000000017803638        0x8 board/freescale/mx6sabresd/built-in.o
                0x0000000017803638                overwrite_console
 .text.board_eth_init
                0x0000000017803640       0x5c board/freescale/mx6sabresd/built-in.o
                0x0000000017803640                board_eth_init
 .text.board_ehci_hcd_init
                0x000000001780369c       0x28 board/freescale/mx6sabresd/built-in.o
                0x000000001780369c                board_ehci_hcd_init
 .text.board_ehci_power
                0x00000000178036c4       0x48 board/freescale/mx6sabresd/built-in.o
                0x00000000178036c4                board_ehci_power
 .text.board_early_init_f
                0x000000001780370c       0x8c board/freescale/mx6sabresd/built-in.o
                0x000000001780370c                board_early_init_f
 .text.board_init
                0x0000000017803798       0x7c board/freescale/mx6sabresd/built-in.o
                0x0000000017803798                board_init
 .text.power_init_board
                0x0000000017803814       0x90 board/freescale/mx6sabresd/built-in.o
                0x0000000017803814                power_init_board
 .text.board_spi_cs_gpio
                0x00000000178038a4       0x10 board/freescale/mx6sabresd/built-in.o
                0x00000000178038a4                board_spi_cs_gpio
 .text.board_late_init
                0x00000000178038b4       0xc4 board/freescale/mx6sabresd/built-in.o
                0x00000000178038b4                board_late_init
 .text.checkboard
                0x0000000017803978       0x18 board/freescale/mx6sabresd/built-in.o
                0x0000000017803978                checkboard
 .text.do_go_exec
                0x0000000017803990       0x18 cmd/built-in.o
                0x0000000017803990                do_go_exec
 .text.do_go    0x00000000178039a8       0x70 cmd/built-in.o
 .text.do_bootm
                0x0000000017803a18      0x108 cmd/built-in.o
                0x0000000017803a18                do_bootm
 .text.do_bootd
                0x0000000017803b20       0x20 cmd/built-in.o
                0x0000000017803b20                do_bootd
 .text.image_info
                0x0000000017803b40       0xd0 cmd/built-in.o
 .text.do_iminfo
                0x0000000017803c10       0x60 cmd/built-in.o
 .text.bootm_maybe_autostart
                0x0000000017803c70       0x78 cmd/built-in.o
                0x0000000017803c70                bootm_maybe_autostart
 .text.do_bootz
                0x0000000017803ce8       0xf8 cmd/built-in.o
                0x0000000017803ce8                do_bootz
 .text.do_help  0x0000000017803de0       0x48 cmd/built-in.o
 .text.do_version
                0x0000000017803e28       0x38 cmd/built-in.o
 .text.source   0x0000000017803e60       0xdc cmd/built-in.o
                0x0000000017803e60                source
 .text.do_source
                0x0000000017803f3c       0x44 cmd/built-in.o
 .text.print_num
                0x0000000017803f80       0x18 cmd/built-in.o
 .text.do_bdinfo
                0x0000000017803f98      0x18c cmd/built-in.o
 .text.bootefi_open_dp
                0x0000000017804124       0x14 cmd/built-in.o
 .text.do_bootefi_exec
                0x0000000017804138      0x218 cmd/built-in.o
 .text.do_bootefi
                0x0000000017804350       0x8c cmd/built-in.o
 .text.efi_set_bootdev
                0x00000000178043dc       0xe8 cmd/built-in.o
                0x00000000178043dc                efi_set_bootdev
 .text.parse_argv
                0x00000000178044c4       0x60 cmd/built-in.o
 .text.do_icache
                0x0000000017804524       0x88 cmd/built-in.o
 .text.do_dcache
                0x00000000178045ac       0x88 cmd/built-in.o
 .text.do_coninfo
                0x0000000017804634       0xb0 cmd/built-in.o
 .text.do_echo  0x00000000178046e4       0xb0 cmd/built-in.o
 .text.load_elf_image_shdr
                0x0000000017804794       0x8c cmd/built-in.o
 .text.valid_elf_image
                0x0000000017804820       0x4c cmd/built-in.o
                0x0000000017804820                valid_elf_image
 .text.do_bootelf
                0x000000001780486c      0x1b4 cmd/built-in.o
                0x000000001780486c                do_bootelf
 .text.do_bootvx
                0x0000000017804a20      0x348 cmd/built-in.o
                0x0000000017804a20                do_bootvx
 .text.do_exit  0x0000000017804d68       0x30 cmd/built-in.o
 .text.do_ext4_size
                0x0000000017804d98       0x18 cmd/built-in.o
                0x0000000017804d98                do_ext4_size
 .text.do_ext4_load
                0x0000000017804db0       0x18 cmd/built-in.o
                0x0000000017804db0                do_ext4_load
 .text.do_ext4_ls
                0x0000000017804dc8       0x18 cmd/built-in.o
                0x0000000017804dc8                do_ext4_ls
 .text.do_ext4_write
                0x0000000017804de0       0x18 cmd/built-in.o
                0x0000000017804de0                do_ext4_write
 .text.do_ext2load
                0x0000000017804df8       0x18 cmd/built-in.o
                0x0000000017804df8                do_ext2load
 .text.do_ext2ls
                0x0000000017804e10       0x18 cmd/built-in.o
 .text.do_fat_size
                0x0000000017804e28       0x18 cmd/built-in.o
                0x0000000017804e28                do_fat_size
 .text.do_fat_fsload
                0x0000000017804e40       0x18 cmd/built-in.o
                0x0000000017804e40                do_fat_fsload
 .text.do_fat_ls
                0x0000000017804e58       0x18 cmd/built-in.o
 .text.do_fat_fsinfo
                0x0000000017804e70       0x90 cmd/built-in.o
 .text.fdt_valid
                0x0000000017804f00       0xbc cmd/built-in.o
 .text.is_printable_string
                0x0000000017804fbc       0x88 cmd/built-in.o
 .text.print_data
                0x0000000017805044      0x170 cmd/built-in.o
 .text.set_working_fdt_addr
                0x00000000178051b4       0x1c cmd/built-in.o
                0x00000000178051b4                set_working_fdt_addr
 .text.do_fdt   0x00000000178051d0      0xe80 cmd/built-in.o
 .text.do_size_wrapper
                0x0000000017806050       0x18 cmd/built-in.o
 .text.do_load_wrapper
                0x0000000017806068       0x68 cmd/built-in.o
 .text.do_save_wrapper
                0x00000000178060d0       0x18 cmd/built-in.o
 .text.do_ls_wrapper
                0x00000000178060e8       0x18 cmd/built-in.o
 .text.do_fstype_wrapper
                0x0000000017806100        0x4 cmd/built-in.o
 .text.strtou32
                0x0000000017806104       0x48 cmd/built-in.o
 .text.do_fuse  0x000000001780614c      0x354 cmd/built-in.o
 .text.name_to_gpio
                0x00000000178064a0        0xc cmd/built-in.o
                0x00000000178064a0                name_to_gpio
 .text.do_gpio  0x00000000178064ac      0x1c4 cmd/built-in.o
 .text.do_i2c   0x0000000017806670       0x5c cmd/built-in.o
 .text.do_i2c_bus_speed
                0x00000000178066cc       0x78 cmd/built-in.o
 .text.do_i2c_reset
                0x0000000017806744       0x30 cmd/built-in.o
 .text.do_i2c_probe
                0x0000000017806774       0x9c cmd/built-in.o
 .text.do_i2c_bus_num
                0x0000000017806810       0xbc cmd/built-in.o
 .text.do_i2c_show_bus
                0x00000000178068cc       0xdc cmd/built-in.o
 .text.get_alen.constprop.4
                0x00000000178069a8       0x3c cmd/built-in.o
 .text.do_i2c_crc
                0x00000000178069e4      0x120 cmd/built-in.o
 .text.do_i2c_write
                0x0000000017806b04      0x14c cmd/built-in.o
 .text.do_i2c_mw
                0x0000000017806c50       0xfc cmd/built-in.o
 .text.do_i2c_read
                0x0000000017806d4c       0xbc cmd/built-in.o
 .text.do_i2c_md
                0x0000000017806e08      0x1e4 cmd/built-in.o
 .text.mod_i2c_mem.isra.3
                0x0000000017806fec      0x1fc cmd/built-in.o
 .text.do_i2c_nm
                0x00000000178071e8        0x8 cmd/built-in.o
 .text.do_i2c_mm
                0x00000000178071f0        0x8 cmd/built-in.o
 .text.do_i2c_loop
                0x00000000178071f8       0xe0 cmd/built-in.o
 .text.i2c_init_board
                0x00000000178072d8        0x4 cmd/built-in.o
                0x00000000178072d8                i2c_init_board
 .text.evalexp  0x00000000178072dc       0x78 cmd/built-in.o
 .text.evalstr  0x0000000017807354       0x6c cmd/built-in.o
 .text.binary_test
                0x00000000178073c0      0x1b4 cmd/built-in.o
 .text.do_itest
                0x0000000017807574       0x98 cmd/built-in.o
 .text.bin_data_init
                0x000000001780760c       0x2c cmd/built-in.o
 .text.k_data_save
                0x0000000017807638       0x4c cmd/built-in.o
 .text.k_data_restore
                0x0000000017807684       0x4c cmd/built-in.o
 .text.getcxmodem
                0x00000000178076d0       0x20 cmd/built-in.o
 .text.load_serial_ymodem
                0x00000000178076f0       0xcc cmd/built-in.o
 .text.bin_data_char
                0x00000000178077bc       0x2c cmd/built-in.o
 .text.chk1.constprop.1
                0x00000000178077e8       0x2c cmd/built-in.o
 .text.s1_sendpacket.constprop.2
                0x0000000017807814       0x50 cmd/built-in.o
 .text.load_serial
                0x0000000017807864      0x1f8 cmd/built-in.o
 .text.do_load_serial
                0x0000000017807a5c       0xdc cmd/built-in.o
 .text.do_load_serial_bin
                0x0000000017807b38      0x798 cmd/built-in.o
 .text.do_mem_mw
                0x00000000178082d0       0xc0 cmd/built-in.o
 .text.do_mem_loop
                0x0000000017808390       0xf8 cmd/built-in.o
 .text.do_mem_md
                0x0000000017808488       0xe8 cmd/built-in.o
 .text.do_mem_cmp
                0x0000000017808570      0x168 cmd/built-in.o
 .text.do_mem_base
                0x00000000178086d8       0x40 cmd/built-in.o
 .text.do_mem_cp
                0x0000000017808718       0xd8 cmd/built-in.o
 .text.do_mem_crc
                0x00000000178087f0       0x4c cmd/built-in.o
 .text.mod_mem.isra.2
                0x000000001780883c      0x168 cmd/built-in.o
 .text.do_mem_mm
                0x00000000178089a4        0x8 cmd/built-in.o
 .text.do_mem_nm
                0x00000000178089ac        0x8 cmd/built-in.o
 .text.extract_range
                0x00000000178089b4       0xe0 cmd/built-in.o
 .text.do_mii   0x0000000017808a94      0x8cc cmd/built-in.o
 .text.do_mdio  0x0000000017809360      0x4c0 cmd/built-in.o
 .text.do_sleep
                0x0000000017809820       0x70 cmd/built-in.o
 .text.do_mmcops
                0x0000000017809890       0xb4 cmd/built-in.o
 .text.init_mmc_device
                0x0000000017809944       0x54 cmd/built-in.o
 .text.do_mmc_rescan
                0x0000000017809998       0x24 cmd/built-in.o
 .text.do_mmc_rst_func
                0x00000000178099bc       0x9c cmd/built-in.o
 .text.do_mmc_partconf
                0x0000000017809a58       0xb4 cmd/built-in.o
 .text.do_mmc_boot_resize
                0x0000000017809b0c       0xcc cmd/built-in.o
 .text.do_mmc_bootbus
                0x0000000017809bd8       0xb4 cmd/built-in.o
 .text.do_mmc_hwpartition
                0x0000000017809c8c      0x504 cmd/built-in.o
 .text.do_mmc_list
                0x000000001780a190       0x14 cmd/built-in.o
 .text.do_mmc_dev
                0x000000001780a1a4      0x140 cmd/built-in.o
 .text.do_mmc_part
                0x000000001780a2e4       0x60 cmd/built-in.o
 .text.do_mmc_erase
                0x000000001780a344       0xec cmd/built-in.o
 .text.do_mmc_write
                0x000000001780a430      0x104 cmd/built-in.o
 .text.do_mmc_read
                0x000000001780a534       0xf0 cmd/built-in.o
 .text.do_mmcinfo
                0x000000001780a624      0x378 cmd/built-in.o
 .text.do_mmc_setdsr
                0x000000001780a99c       0xb0 cmd/built-in.o
 .text.cpu_cmd  0x000000001780aa4c      0x160 cmd/built-in.o
 .text.netboot_common
                0x000000001780abac      0x2a0 cmd/built-in.o
 .text.do_bootp
                0x000000001780ae4c        0xc cmd/built-in.o
 .text.do_dhcp  0x000000001780ae58        0xc cmd/built-in.o
 .text.do_nfs   0x000000001780ae64        0xc cmd/built-in.o
 .text.do_tftpb
                0x000000001780ae70       0x40 cmd/built-in.o
                0x000000001780ae70                do_tftpb
 .text.do_ping  0x000000001780aeb0       0x74 cmd/built-in.o
 .text.pci_cfg_write
                0x000000001780af24       0x3c cmd/built-in.o
 .text.pci_read_config
                0x000000001780af60       0x48 cmd/built-in.o
 .text.pci_field_width
                0x000000001780afa8       0x20 cmd/built-in.o
 .text.pci_show_regs
                0x000000001780afc8       0x78 cmd/built-in.o
 .text.pci_cfg_modify.isra.1
                0x000000001780b040       0xf8 cmd/built-in.o
 .text.pci_header_show
                0x000000001780b138       0xc8 cmd/built-in.o
                0x000000001780b138                pci_header_show
 .text.pciinfo_header
                0x000000001780b200       0x40 cmd/built-in.o
                0x000000001780b200                pciinfo_header
 .text.pci_header_show_brief
                0x000000001780b240       0x80 cmd/built-in.o
                0x000000001780b240                pci_header_show_brief
 .text.pciinfo  0x000000001780b2c0      0x150 cmd/built-in.o
                0x000000001780b2c0                pciinfo
 .text.do_pci   0x000000001780b410      0x3c0 cmd/built-in.o
 .text.bytes_per_second
                0x000000001780b7d0       0x50 cmd/built-in.o
 .text.do_spi_flash
                0x000000001780b820      0x880 cmd/built-in.o
 .text.substitute
                0x000000001780c0a0       0xf4 cmd/built-in.o
 .text.get_arg  0x000000001780c194       0x5c cmd/built-in.o
 .text.regex_sub
                0x000000001780c1f0      0x3e8 cmd/built-in.o
 .text.do_setexpr
                0x000000001780c5d8      0x1a0 cmd/built-in.o
 .text.do_false
                0x000000001780c778        0x8 cmd/built-in.o
 .text.do_true  0x000000001780c780        0x8 cmd/built-in.o
 .text.do_test  0x000000001780c788      0x350 cmd/built-in.o
 .text.usb_get_class_desc
                0x000000001780cad8       0xbc cmd/built-in.o
 .text.usb_find_device
                0x000000001780cb94       0x3c cmd/built-in.o
 .text.usb_show_tree_graph
                0x000000001780cbd0      0x224 cmd/built-in.o
 .text.usb_display_class_sub
                0x000000001780cdf4      0x180 cmd/built-in.o
 .text.usb_display_string
                0x000000001780cf74       0x44 cmd/built-in.o
 .text.usb_display_config
                0x000000001780cfb8      0x214 cmd/built-in.o
 .text.do_usbboot
                0x000000001780d1cc        0xc cmd/built-in.o
 .text.usb_display_desc.part.5
                0x000000001780d1d8      0x12c cmd/built-in.o
 .text.do_usb_start
                0x000000001780d304       0x44 cmd/built-in.o
 .text.usb_show_tree
                0x000000001780d348       0x54 cmd/built-in.o
                0x000000001780d348                usb_show_tree
 .text.do_usb   0x000000001780d39c      0x758 cmd/built-in.o
 .text.do_fastboot
                0x000000001780daf4       0xe0 cmd/built-in.o
 .text.ums_read_sector
                0x000000001780dbd4       0x1c cmd/built-in.o
 .text.ums_write_sector
                0x000000001780dbf0       0x1c cmd/built-in.o
 .text.ums_fini
                0x000000001780dc0c       0x60 cmd/built-in.o
 .text.do_usb_mass_storage
                0x000000001780dc6c      0x394 cmd/built-in.o
                0x000000001780dc6c                do_usb_mass_storage
 .text.do_imgextract
                0x000000001780e000      0x294 cmd/built-in.o
 .text.do_dfu   0x000000001780e294      0x17c cmd/built-in.o
 .text.do_env_delete
                0x000000001780e410       0xa4 cmd/built-in.o
 .text.do_env_exists
                0x000000001780e4b4       0x64 cmd/built-in.o
 .text.do_env_save
                0x000000001780e518       0x2c cmd/built-in.o
 .text.do_env   0x000000001780e544       0x5c cmd/built-in.o
 .text.env_print
                0x000000001780e5a0       0xc0 cmd/built-in.o
 .text.do_env_print
                0x000000001780e660       0xc4 cmd/built-in.o
 .text.do_env_import
                0x000000001780e724      0x280 cmd/built-in.o
 .text.do_env_default
                0x000000001780e9a4       0xb8 cmd/built-in.o
 .text._do_env_set.isra.1
                0x000000001780ea5c      0x1c4 cmd/built-in.o
 .text.do_env_set
                0x000000001780ec20       0x20 cmd/built-in.o
 .text.get_env_id
                0x000000001780ec40       0x10 cmd/built-in.o
                0x000000001780ec40                get_env_id
 .text.setenv   0x000000001780ec50       0x5c cmd/built-in.o
                0x000000001780ec50                setenv
 .text.setenv_ulong
                0x000000001780ecac       0x20 cmd/built-in.o
                0x000000001780ecac                setenv_ulong
 .text.setenv_hex
                0x000000001780eccc       0x34 cmd/built-in.o
                0x000000001780eccc                setenv_hex
 .text.do_env_export
                0x000000001780ed00      0x270 cmd/built-in.o
 .text.envmatch
                0x000000001780ef70       0x70 cmd/built-in.o
                0x000000001780ef70                envmatch
 .text.getenv_f
                0x000000001780efe0       0xc4 cmd/built-in.o
                0x000000001780efe0                getenv_f
 .text.getenv   0x000000001780f0a4       0x78 cmd/built-in.o
                0x000000001780f0a4                getenv
 .text.getenv_hex
                0x000000001780f11c       0x3c cmd/built-in.o
                0x000000001780f11c                getenv_hex
 .text.getenv_ulong
                0x000000001780f158       0x30 cmd/built-in.o
                0x000000001780f158                getenv_ulong
 .text.do_env_edit.part.3
                0x000000001780f188       0x9c cmd/built-in.o
 .text.do_env_edit
                0x000000001780f224       0x2c cmd/built-in.o
 .text.common_diskboot
                0x000000001780f250      0x234 cmd/built-in.o
                0x000000001780f250                common_diskboot
 .text.board_init_f_alloc_reserve
                0x000000001780f484        0xc common/built-in.o
                0x000000001780f484                board_init_f_alloc_reserve
 .text.board_init_f_init_reserve
                0x000000001780f490       0x20 common/built-in.o
                0x000000001780f490                board_init_f_init_reserve
 .text.show_boot_progress
                0x000000001780f4b0        0x4 common/built-in.o
                0x000000001780f4b0                show_boot_progress
 .text.main_loop
                0x000000001780f4b4       0x28 common/built-in.o
                0x000000001780f4b4                main_loop
 .text.dummy    0x000000001780f4dc        0x4 common/built-in.o
 .text.get_version
                0x000000001780f4e0        0x8 common/built-in.o
                0x000000001780f4e0                get_version
 .text.jumptable_init
                0x000000001780f4e8      0x1e0 common/built-in.o
                0x000000001780f4e8                jumptable_init
 .text.hash_finish_crc32
                0x000000001780f6c8       0x30 common/built-in.o
 .text.hash_update_crc32
                0x000000001780f6f8       0x24 common/built-in.o
 .text.hash_init_crc32
                0x000000001780f71c       0x24 common/built-in.o
 .text.hash_lookup_algo
                0x000000001780f740       0x28 common/built-in.o
                0x000000001780f740                hash_lookup_algo
 .text.hash_command
                0x000000001780f768       0xb0 common/built-in.o
                0x000000001780f768                hash_command
 .text.b_reset  0x000000001780f818       0x1c common/built-in.o
 .text.static_get
                0x000000001780f834       0x1c common/built-in.o
 .text.static_peek
                0x000000001780f850        0xc common/built-in.o
 .text.file_peek
                0x000000001780f85c        0xc common/built-in.o
 .text.mapset   0x000000001780f868       0x20 common/built-in.o
 .text.syntax_err
                0x000000001780f888        0xc common/built-in.o
 .text.free_pipe_list
                0x000000001780f894       0xf0 common/built-in.o
 .text.xmalloc  0x000000001780f984       0x20 common/built-in.o
 .text.new_pipe
                0x000000001780f9a4       0x28 common/built-in.o
 .text.xrealloc
                0x000000001780f9cc       0x20 common/built-in.o
 .text.done_command
                0x000000001780f9ec       0x8c common/built-in.o
 .text.done_pipe
                0x000000001780fa78       0x48 common/built-in.o
 .text.done_word
                0x000000001780fac0      0x2e4 common/built-in.o
 .text.do_showvar
                0x000000001780fda4       0xf0 common/built-in.o
 .text.is_assignment
                0x000000001780fe94       0x54 common/built-in.o
 .text.file_get
                0x000000001780fee8      0x1e4 common/built-in.o
 .text.b_addchr
                0x00000000178100cc       0x80 common/built-in.o
 .text.b_addqchr
                0x000000001781014c       0x50 common/built-in.o
 .text.get_local_var
                0x000000001781019c       0x94 common/built-in.o
                0x000000001781019c                get_local_var
 .text.set_local_var
                0x0000000017810230      0x1b8 common/built-in.o
                0x0000000017810230                set_local_var
 .text.insert_var_value_sub
                0x00000000178103e8      0x2a8 common/built-in.o
 .text.parse_string_outer
                0x0000000017810690       0xe8 common/built-in.o
                0x0000000017810690                parse_string_outer
 .text.run_list_real
                0x0000000017810778      0x7e4 common/built-in.o
 .text.parse_stream_outer
                0x0000000017810f5c      0x6cc common/built-in.o
 .text.parse_file_outer
                0x0000000017811628       0x44 common/built-in.o
                0x0000000017811628                parse_file_outer
 .text.u_boot_hush_start
                0x000000001781166c       0x54 common/built-in.o
                0x000000001781166c                u_boot_hush_start
 .text.bootdelay_process
                0x00000000178116c0       0x4c common/built-in.o
                0x00000000178116c0                bootdelay_process
 .text.autoboot_command
                0x000000001781170c       0xd8 common/built-in.o
                0x000000001781170c                autoboot_command
 .text.display_text_info
                0x00000000178117e4        0x8 common/built-in.o
 .text.setup_mon_len
                0x00000000178117ec       0x20 common/built-in.o
 .text.reserve_round_4k
                0x000000001781180c       0x18 common/built-in.o
 .text.reserve_mmu
                0x0000000017811824       0x38 common/built-in.o
 .text.reserve_trace
                0x000000001781185c        0x8 common/built-in.o
 .text.reserve_uboot
                0x0000000017811864       0x30 common/built-in.o
 .text.reserve_malloc
                0x0000000017811894       0x18 common/built-in.o
 .text.setup_machine
                0x00000000178118ac       0x14 common/built-in.o
 .text.reserve_global_data
                0x00000000178118c0       0x1c common/built-in.o
 .text.reserve_fdt
                0x00000000178118dc       0x4c common/built-in.o
 .text.display_new_sp
                0x0000000017811928        0x8 common/built-in.o
 .text.initf_console_record
                0x0000000017811930        0x8 common/built-in.o
 .text.reserve_arch
                0x0000000017811938        0x8 common/built-in.o
                0x0000000017811938                reserve_arch
 .text.arch_cpu_init_dm
                0x0000000017811940        0x8 common/built-in.o
                0x0000000017811940                arch_cpu_init_dm
 .text.announce_dram_init
                0x0000000017811948       0x18 common/built-in.o
 .text.init_func_i2c
                0x0000000017811960       0x28 common/built-in.o
 .text.init_baud_rate
                0x0000000017811988       0x2c common/built-in.o
 .text.mark_bootstage
                0x00000000178119b4       0x14 common/built-in.o
 .text.initf_dm
                0x00000000178119c8        0x8 common/built-in.o
 .text.setup_reloc
                0x00000000178119d0       0x34 common/built-in.o
 .text.reloc_fdt
                0x0000000017811a04       0x3c common/built-in.o
 .text.reserve_board
                0x0000000017811a40       0x38 common/built-in.o
 .text.coloured_LED_init
                0x0000000017811a78        0x4 common/built-in.o
                0x0000000017811a78                coloured_LED_init
 .text.red_led_on
                0x0000000017811a7c        0x4 common/built-in.o
                0x0000000017811a7c                red_led_on
 .text.board_add_ram_info
                0x0000000017811a80        0x4 common/built-in.o
                0x0000000017811a80                board_add_ram_info
 .text.show_dram_config
                0x0000000017811a84       0x34 common/built-in.o
 .text.dram_init_banksize
                0x0000000017811ab8       0x20 common/built-in.o
                0x0000000017811ab8                dram_init_banksize
 .text.setup_dram_config
                0x0000000017811ad8       0x10 common/built-in.o
 .text.board_get_usable_ram_top
                0x0000000017811ae8       0x14 common/built-in.o
                0x0000000017811ae8                board_get_usable_ram_top
 .text.board_reserve_ram_top
                0x0000000017811afc        0x4 common/built-in.o
                0x0000000017811afc                board_reserve_ram_top
 .text.setup_dest_addr
                0x0000000017811b00       0x50 common/built-in.o
 .text.reserve_stacks
                0x0000000017811b50       0x1c common/built-in.o
 .text.board_init_f
                0x0000000017811b6c       0x28 common/built-in.o
                0x0000000017811b6c                board_init_f
 .text.bootstage_relocate
                0x0000000017811b94        0x8 common/built-in.o
 .text.initr_trace
                0x0000000017811b9c        0x8 common/built-in.o
 .text.initr_reloc
                0x0000000017811ba4       0x18 common/built-in.o
 .text.initr_barrier
                0x0000000017811bbc        0x8 common/built-in.o
 .text.initr_console_record
                0x0000000017811bc4        0x8 common/built-in.o
 .text.initr_announce
                0x0000000017811bcc        0x8 common/built-in.o
 .text.run_main_loop
                0x0000000017811bd4        0xc common/built-in.o
 .text.initr_net
                0x0000000017811be0       0x1c common/built-in.o
 .text.initr_ethaddr
                0x0000000017811bfc       0x20 common/built-in.o
 .text.initr_enable_interrupts
                0x0000000017811c1c       0x10 common/built-in.o
 .text.initr_jumptable
                0x0000000017811c2c       0x10 common/built-in.o
 .text.initr_pci
                0x0000000017811c3c       0x10 common/built-in.o
 .text.initr_env
                0x0000000017811c4c       0x30 common/built-in.o
 .text.initr_mmc
                0x0000000017811c7c       0x20 common/built-in.o
 .text.initr_serial
                0x0000000017811c9c       0x10 common/built-in.o
 .text.initr_bootstage
                0x0000000017811cac       0x14 common/built-in.o
 .text.initr_dm
                0x0000000017811cc0       0x14 common/built-in.o
 .text.initr_malloc
                0x0000000017811cd4       0x24 common/built-in.o
 .text.initr_reloc_global_data
                0x0000000017811cf8       0x38 common/built-in.o
 .text.initr_caches
                0x0000000017811d30       0x10 common/built-in.o
 .text.cpu_secondary_init_r
                0x0000000017811d40        0x4 common/built-in.o
                0x0000000017811d40                cpu_secondary_init_r
 .text.initr_secondary_cpu
                0x0000000017811d44       0x10 common/built-in.o
 .text.board_init_r
                0x0000000017811d54       0x14 common/built-in.o
                0x0000000017811d54                board_init_r
 .text.show_board_info
                0x0000000017811d68        0x4 common/built-in.o
                0x0000000017811d68                show_board_info
 .text.bootm_find_images
                0x0000000017811d6c       0xa8 common/built-in.o
                0x0000000017811d6c                bootm_find_images
 .text.bootm_decomp_image
                0x0000000017811e14      0x154 common/built-in.o
                0x0000000017811e14                bootm_decomp_image
 .text.bootm_disable_interrupts
                0x0000000017811f68       0x18 common/built-in.o
                0x0000000017811f68                bootm_disable_interrupts
 .text.do_bootm_states
                0x0000000017811f80      0x7c0 common/built-in.o
                0x0000000017811f80                do_bootm_states
 .text.copy_args
                0x0000000017812740       0x50 common/built-in.o
 .text.do_bootm_rtems
                0x0000000017812790       0x40 common/built-in.o
 .text.do_bootm_plan9
                0x00000000178127d0       0xa4 common/built-in.o
 .text.do_bootm_standalone
                0x0000000017812874       0x64 common/built-in.o
 .text.do_bootm_qnxelf
                0x00000000178128d8       0x58 common/built-in.o
 .text.do_bootm_netbsd
                0x0000000017812930       0xf8 common/built-in.o
 .text.do_bootvx_fdt
                0x0000000017812a28      0x118 common/built-in.o
                0x0000000017812a28                do_bootvx_fdt
 .text.do_bootm_vxworks
                0x0000000017812b40       0x24 common/built-in.o
 .text.boot_selected_os
                0x0000000017812b64       0x5c common/built-in.o
                0x0000000017812b64                boot_selected_os
 .text.bootm_os_get_boot_func
                0x0000000017812bc0       0x10 common/built-in.o
                0x0000000017812bc0                bootm_os_get_boot_func
 .text.regex_callback
                0x0000000017812bd0      0x134 common/built-in.o
 .text.env_attr_walk
                0x0000000017812d04      0x118 common/built-in.o
                0x0000000017812d04                env_attr_walk
 .text.env_attr_lookup
                0x0000000017812e1c       0x88 common/built-in.o
                0x0000000017812e1c                env_attr_lookup
 .text.clear_callback
                0x0000000017812ea4       0x10 common/built-in.o
 .text.find_env_callback
                0x0000000017812eb4       0x64 common/built-in.o
 .text.on_callbacks
                0x0000000017812f18       0x50 common/built-in.o
 .text.set_callback
                0x0000000017812f68       0x98 common/built-in.o
 .text.env_callback_init
                0x0000000017813000       0xc4 common/built-in.o
                0x0000000017813000                env_callback_init
 .text.skip_num
                0x00000000178130c4       0x74 common/built-in.o
 .text.clear_flags
                0x0000000017813138       0x10 common/built-in.o
 .text.on_flags
                0x0000000017813148       0x50 common/built-in.o
 .text.env_flags_parse_vartype
                0x0000000017813198       0x50 common/built-in.o
                0x0000000017813198                env_flags_parse_vartype
 .text.env_flags_parse_varaccess
                0x00000000178131e8       0x58 common/built-in.o
                0x00000000178131e8                env_flags_parse_varaccess
 .text.set_flags
                0x0000000017813240       0xb0 common/built-in.o
 .text.eth_validate_ethaddr_str
                0x00000000178132f0       0x94 common/built-in.o
                0x00000000178132f0                eth_validate_ethaddr_str
 .text.env_flags_init
                0x0000000017813384       0xd8 common/built-in.o
                0x0000000017813384                env_flags_init
 .text.env_flags_validate
                0x000000001781345c      0x29c common/built-in.o
                0x000000001781345c                env_flags_validate
 .text.mmc_get_env_addr
                0x00000000178136f8       0x10 common/built-in.o
                0x00000000178136f8                mmc_get_env_addr
 .text.env_init
                0x0000000017813708       0x1c common/built-in.o
                0x0000000017813708                env_init
 .text.saveenv  0x0000000017813724      0x130 common/built-in.o
                0x0000000017813724                saveenv
 .text.env_relocate_spec
                0x0000000017813854       0xf4 common/built-in.o
                0x0000000017813854                env_relocate_spec
 .text.fdt_find_and_setprop
                0x0000000017813948       0x70 common/built-in.o
                0x0000000017813948                fdt_find_and_setprop
 .text.fdt_find_or_add_subnode
                0x00000000178139b8       0x68 common/built-in.o
                0x00000000178139b8                fdt_find_or_add_subnode
 .text.fdt_root
                0x0000000017813a20       0x98 common/built-in.o
                0x0000000017813a20                fdt_root
 .text.fdt_initrd
                0x0000000017813ab8      0x1d0 common/built-in.o
                0x0000000017813ab8                fdt_initrd
 .text.fdt_chosen
                0x0000000017813c88       0xa8 common/built-in.o
                0x0000000017813c88                fdt_chosen
 .text.do_fixup_by_path
                0x0000000017813d30       0x54 common/built-in.o
                0x0000000017813d30                do_fixup_by_path
 .text.fdt_fixup_memory_banks
                0x0000000017813d84      0x198 common/built-in.o
                0x0000000017813d84                fdt_fixup_memory_banks
 .text.fdt_fixup_memory
                0x0000000017813f1c       0x24 common/built-in.o
                0x0000000017813f1c                fdt_fixup_memory
 .text.fdt_fixup_ethernet
                0x0000000017813f40      0x190 common/built-in.o
                0x0000000017813f40                fdt_fixup_ethernet
 .text.fdt_shrink_to_minimum
                0x00000000178140d0       0xd0 common/built-in.o
                0x00000000178140d0                fdt_shrink_to_minimum
 .text.miiphy_get_dev_by_name
                0x00000000178141a0       0x5c common/built-in.o
                0x00000000178141a0                miiphy_get_dev_by_name
 .text.miiphy_init
                0x00000000178141fc       0x24 common/built-in.o
                0x00000000178141fc                miiphy_init
 .text.mdio_alloc
                0x0000000017814220       0x30 common/built-in.o
                0x0000000017814220                mdio_alloc
 .text.mdio_register
                0x0000000017814250       0x8c common/built-in.o
                0x0000000017814250                mdio_register
 .text.mdio_unregister
                0x00000000178142dc       0x3c common/built-in.o
                0x00000000178142dc                mdio_unregister
 .text.mdio_list_devices
                0x0000000017814318       0x9c common/built-in.o
                0x0000000017814318                mdio_list_devices
 .text.miiphy_set_current_dev
                0x00000000178143b4       0x40 common/built-in.o
                0x00000000178143b4                miiphy_set_current_dev
 .text.miiphy_get_active_dev
                0x00000000178143f4       0x54 common/built-in.o
 .text.mdio_get_current_dev
                0x0000000017814448       0x10 common/built-in.o
                0x0000000017814448                mdio_get_current_dev
 .text.mdio_phydev_for_ethname
                0x0000000017814458       0x8c common/built-in.o
                0x0000000017814458                mdio_phydev_for_ethname
 .text.miiphy_get_current_dev
                0x00000000178144e4       0x18 common/built-in.o
                0x00000000178144e4                miiphy_get_current_dev
 .text.miiphy_read
                0x00000000178144fc       0x4c common/built-in.o
                0x00000000178144fc                miiphy_read
 .text.miiphy_write
                0x0000000017814548       0x40 common/built-in.o
                0x0000000017814548                miiphy_write
 .text.miiphy_listdev
                0x0000000017814588       0x74 common/built-in.o
                0x0000000017814588                miiphy_listdev
 .text.miiphy_info
                0x00000000178145fc       0x88 common/built-in.o
                0x00000000178145fc                miiphy_info
 .text.miiphy_speed
                0x0000000017814684       0x90 common/built-in.o
                0x0000000017814684                miiphy_speed
 .text.miiphy_duplex
                0x0000000017814714       0x90 common/built-in.o
                0x0000000017814714                miiphy_duplex
 .text.miiphy_is_1000base_x
                0x00000000178147a4        0x8 common/built-in.o
                0x00000000178147a4                miiphy_is_1000base_x
 .text.usb_set_maxpacket_ep
                0x00000000178147ac       0x68 common/built-in.o
 .text.usb_stop
                0x0000000017814814       0x5c common/built-in.o
                0x0000000017814814                usb_stop
 .text.usb_disable_asynch
                0x0000000017814870       0x20 common/built-in.o
                0x0000000017814870                usb_disable_asynch
 .text.usb_control_msg
                0x0000000017814890       0xc8 common/built-in.o
                0x0000000017814890                usb_control_msg
 .text.usb_get_descriptor
                0x0000000017814958       0x50 common/built-in.o
 .text.get_descriptor_len
                0x00000000178149a8       0x90 common/built-in.o
 .text.usb_get_string
                0x0000000017814a38       0x6c common/built-in.o
 .text.usb_string_sub
                0x0000000017814aa4      0x10c common/built-in.o
 .text.usb_bulk_msg
                0x0000000017814bb0       0x78 common/built-in.o
                0x0000000017814bb0                usb_bulk_msg
 .text.usb_maxpacket
                0x0000000017814c28       0x1c common/built-in.o
                0x0000000017814c28                usb_maxpacket
 .text.usb_clear_halt
                0x0000000017814c44       0x90 common/built-in.o
                0x0000000017814c44                usb_clear_halt
 .text.usb_get_configuration_len
                0x0000000017814cd4       0x74 common/built-in.o
                0x0000000017814cd4                usb_get_configuration_len
 .text.usb_get_configuration_no
                0x0000000017814d48       0x34 common/built-in.o
                0x0000000017814d48                usb_get_configuration_no
 .text.usb_set_interface
                0x0000000017814d7c       0xb8 common/built-in.o
                0x0000000017814d7c                usb_set_interface
 .text.usb_string
                0x0000000017814e34      0x108 common/built-in.o
                0x0000000017814e34                usb_string
 .text.usb_get_dev_index
                0x0000000017814f3c       0x24 common/built-in.o
                0x0000000017814f3c                usb_get_dev_index
 .text.usb_alloc_new_device
                0x0000000017814f60       0x94 common/built-in.o
                0x0000000017814f60                usb_alloc_new_device
 .text.usb_free_device
                0x0000000017814ff4       0x48 common/built-in.o
                0x0000000017814ff4                usb_free_device
 .text.usb_alloc_device
                0x000000001781503c        0x8 common/built-in.o
                0x000000001781503c                usb_alloc_device
 .text.usb_select_config
                0x0000000017815044      0x474 common/built-in.o
                0x0000000017815044                usb_select_config
 .text.usb_setup_device
                0x00000000178154b8      0x170 common/built-in.o
                0x00000000178154b8                usb_setup_device
 .text.usb_new_device
                0x0000000017815628       0x34 common/built-in.o
                0x0000000017815628                usb_new_device
 .text.usb_init
                0x000000001781565c      0x144 common/built-in.o
                0x000000001781565c                usb_init
 .text.board_usb_init
                0x00000000178157a0        0x8 common/built-in.o
                0x00000000178157a0                board_usb_init
 .text.board_usb_cleanup
                0x00000000178157a8        0x8 common/built-in.o
                0x00000000178157a8                board_usb_cleanup
 .text.usb_device_has_child_on_port
                0x00000000178157b0       0x14 common/built-in.o
                0x00000000178157b0                usb_device_has_child_on_port
 .text.usb_find_usb2_hub_address_port
                0x00000000178157c4       0x5c common/built-in.o
                0x00000000178157c4                usb_find_usb2_hub_address_port
 .text.usb_set_port_feature
                0x0000000017815820       0x4c common/built-in.o
 .text.usb_clear_port_feature
                0x000000001781586c       0x4c common/built-in.o
 .text.usb_get_hub_descriptor
                0x00000000178158b8       0x4c common/built-in.o
 .text.usb_hub_reset_devices
                0x0000000017815904        0x4 common/built-in.o
                0x0000000017815904                usb_hub_reset_devices
 .text.usb_get_port_status
                0x0000000017815908       0x4c common/built-in.o
                0x0000000017815908                usb_get_port_status
 .text.usb_hub_reset
                0x0000000017815954       0x20 common/built-in.o
                0x0000000017815954                usb_hub_reset
 .text.legacy_hub_port_reset
                0x0000000017815974       0x9c common/built-in.o
                0x0000000017815974                legacy_hub_port_reset
 .text.usb_hub_port_connect_change
                0x0000000017815a10      0x15c common/built-in.o
                0x0000000017815a10                usb_hub_port_connect_change
 .text.usb_hub_configure
                0x0000000017815b6c      0x484 common/built-in.o
 .text.usb_hub_probe
                0x0000000017815ff0       0x58 common/built-in.o
                0x0000000017815ff0                usb_hub_probe
 .text.usb_stor_irq
                0x0000000017816048       0x1c common/built-in.o
 .text.usb_stor_BBB_reset
                0x0000000017816064       0xd0 common/built-in.o
 .text.usb_stor_CB_reset
                0x0000000017816134       0xcc common/built-in.o
 .text.usb_stor_BBB_clear_endpt_stall.isra.2
                0x0000000017816200       0x40 common/built-in.o
 .text.usb_stor_BBB_transport
                0x0000000017816240      0x258 common/built-in.o
 .text.usb_stor_CB_comdat
                0x0000000017816498      0x1f0 common/built-in.o
 .text.usb_stor_CBI_get_status.isra.4
                0x0000000017816688       0xc4 common/built-in.o
 .text.usb_stor_CB_transport
                0x000000001781674c      0x220 common/built-in.o
 .text.usb_request_sense.constprop.9
                0x000000001781696c       0x70 common/built-in.o
 .text.usb_stor_read
                0x00000000178169dc      0x178 common/built-in.o
 .text.usb_stor_write
                0x0000000017816b54      0x178 common/built-in.o
 .text.usb_stor_info
                0x0000000017816ccc       0x74 common/built-in.o
                0x0000000017816ccc                usb_stor_info
 .text.usb_storage_probe
                0x0000000017816d40      0x208 common/built-in.o
                0x0000000017816d40                usb_storage_probe
 .text.usb_stor_get_info
                0x0000000017816f48      0x310 common/built-in.o
                0x0000000017816f48                usb_stor_get_info
 .text.usb_stor_scan
                0x0000000017817258      0x200 common/built-in.o
                0x0000000017817258                usb_stor_scan
 .text.splash_screen_prepare
                0x0000000017817458        0x8 common/built-in.o
                0x0000000017817458                splash_screen_prepare
 .text.splash_get_pos
                0x0000000017817460       0x88 common/built-in.o
                0x0000000017817460                splash_get_pos
 .text.env_get_char_spec
                0x00000000178174e8        0xc common/built-in.o
                0x00000000178174e8                env_get_char_spec
 .text.env_get_addr
                0x00000000178174f4       0x20 common/built-in.o
                0x00000000178174f4                env_get_addr
 .text.env_get_char_memory
                0x0000000017817514       0x10 common/built-in.o
                0x0000000017817514                env_get_char_memory
 .text.env_get_char
                0x0000000017817524       0x30 common/built-in.o
                0x0000000017817524                env_get_char
 .text.getenv_yesno
                0x0000000017817554       0x48 common/built-in.o
                0x0000000017817554                getenv_yesno
 .text.getenv_default
                0x000000001781759c       0x30 common/built-in.o
                0x000000001781759c                getenv_default
 .text.set_default_env
                0x00000000178175cc       0xc0 common/built-in.o
                0x00000000178175cc                set_default_env
 .text.set_default_vars
                0x000000001781768c       0x3c common/built-in.o
                0x000000001781768c                set_default_vars
 .text.env_import
                0x00000000178176c8       0xe0 common/built-in.o
                0x00000000178176c8                env_import
 .text.env_export
                0x00000000178177a8       0xa0 common/built-in.o
                0x00000000178177a8                env_export
 .text.env_relocate
                0x0000000017817848       0x30 common/built-in.o
                0x0000000017817848                env_relocate
 .text.env_complete
                0x0000000017817878       0xdc common/built-in.o
                0x0000000017817878                env_complete
 .text.console_setfile
                0x0000000017817954       0xbc common/built-in.o
 .text.serial_printf
                0x0000000017817a10       0x44 common/built-in.o
                0x0000000017817a10                serial_printf
 .text.puts     0x0000000017817a54       0x40 common/built-in.o
                0x0000000017817a54                puts
 .text.fgetc    0x0000000017817a94       0x2c common/built-in.o
                0x0000000017817a94                fgetc
 .text.getc     0x0000000017817ac0       0x24 common/built-in.o
                0x0000000017817ac0                getc
 .text.ftstc    0x0000000017817ae4       0x2c common/built-in.o
                0x0000000017817ae4                ftstc
 .text.tstc     0x0000000017817b10       0x24 common/built-in.o
                0x0000000017817b10                tstc
 .text.fputc    0x0000000017817b34       0x24 common/built-in.o
                0x0000000017817b34                fputc
 .text.putc     0x0000000017817b58       0x28 common/built-in.o
                0x0000000017817b58                putc
 .text.ctrlc    0x0000000017817b80       0x58 common/built-in.o
                0x0000000017817b80                ctrlc
 .text.confirm_yesno
                0x0000000017817bd8       0xd4 common/built-in.o
                0x0000000017817bd8                confirm_yesno
 .text.had_ctrlc
                0x0000000017817cac       0x10 common/built-in.o
                0x0000000017817cac                had_ctrlc
 .text.clear_ctrlc
                0x0000000017817cbc       0x14 common/built-in.o
                0x0000000017817cbc                clear_ctrlc
 .text.search_device
                0x0000000017817cd0       0x30 common/built-in.o
                0x0000000017817cd0                search_device
 .text.console_assign
                0x0000000017817d00       0x44 common/built-in.o
                0x0000000017817d00                console_assign
 .text.on_console
                0x0000000017817d44       0xb8 common/built-in.o
 .text.console_init_f
                0x0000000017817dfc       0x10 common/built-in.o
                0x0000000017817dfc                console_init_f
 .text.stdio_print_current_devices
                0x0000000017817e0c       0xb0 common/built-in.o
                0x0000000017817e0c                stdio_print_current_devices
 .text.console_init_r
                0x0000000017817ebc      0x168 common/built-in.o
                0x0000000017817ebc                console_init_r
 .text.sbrk     0x0000000017818024       0x70 common/built-in.o
                0x0000000017818024                sbrk
 .text.mem_malloc_init
                0x0000000017818094       0x34 common/built-in.o
                0x0000000017818094                mem_malloc_init
 .text.malloc_trim
                0x00000000178180c8       0xcc common/built-in.o
                0x00000000178180c8                malloc_trim
 .text.free     0x0000000017818194      0x230 common/built-in.o
                0x0000000017818194                free
 .text.malloc   0x00000000178183c4      0x5f8 common/built-in.o
                0x00000000178183c4                malloc
 .text.calloc   0x00000000178189bc      0x130 common/built-in.o
                0x00000000178189bc                calloc
 .text.realloc  0x0000000017818aec      0x4d0 common/built-in.o
                0x0000000017818aec                realloc
 .text.memalign
                0x0000000017818fbc      0x170 common/built-in.o
                0x0000000017818fbc                memalign
 .text.initf_malloc
                0x000000001781912c       0x18 common/built-in.o
                0x000000001781912c                initf_malloc
 .text.malloc_simple
                0x0000000017819144       0x30 common/built-in.o
                0x0000000017819144                malloc_simple
 .text.on_loadaddr
                0x0000000017819174       0x38 common/built-in.o
 .text.image_check_hcrc
                0x00000000178191ac       0x4c common/built-in.o
                0x00000000178191ac                image_check_hcrc
 .text.image_check_dcrc
                0x00000000178191f8       0x38 common/built-in.o
                0x00000000178191f8                image_check_dcrc
 .text.image_multi_count
                0x0000000017819230       0x1c common/built-in.o
                0x0000000017819230                image_multi_count
 .text.image_multi_getimg
                0x000000001781924c       0x7c common/built-in.o
                0x000000001781924c                image_multi_getimg
 .text.getenv_bootm_low
                0x00000000178192c8       0x30 common/built-in.o
                0x00000000178192c8                getenv_bootm_low
 .text.getenv_bootm_size
                0x00000000178192f8       0x68 common/built-in.o
                0x00000000178192f8                getenv_bootm_size
 .text.getenv_bootm_mapsize
                0x0000000017819360       0x30 common/built-in.o
                0x0000000017819360                getenv_bootm_mapsize
 .text.memmove_wd
                0x0000000017819390        0xc common/built-in.o
                0x0000000017819390                memmove_wd
 .text.genimg_print_size
                0x000000001781939c       0x30 common/built-in.o
                0x000000001781939c                genimg_print_size
 .text.get_table_entry
                0x00000000178193cc       0x24 common/built-in.o
                0x00000000178193cc                get_table_entry
 .text.get_table_entry_name
                0x00000000178193f0       0x20 common/built-in.o
                0x00000000178193f0                get_table_entry_name
 .text.genimg_get_os_name
                0x0000000017819410       0x18 common/built-in.o
                0x0000000017819410                genimg_get_os_name
 .text.genimg_get_arch_name
                0x0000000017819428       0x18 common/built-in.o
                0x0000000017819428                genimg_get_arch_name
 .text.genimg_get_type_name
                0x0000000017819440       0x18 common/built-in.o
                0x0000000017819440                genimg_get_type_name
 .text.genimg_get_comp_name
                0x0000000017819458       0x18 common/built-in.o
                0x0000000017819458                genimg_get_comp_name
 .text.image_print_contents
                0x0000000017819470      0x16c common/built-in.o
                0x0000000017819470                image_print_contents
 .text.genimg_get_kernel_addr_fit
                0x00000000178195dc       0x24 common/built-in.o
                0x00000000178195dc                genimg_get_kernel_addr_fit
 .text.genimg_get_format
                0x0000000017819600       0x54 common/built-in.o
                0x0000000017819600                genimg_get_format
 .text.genimg_get_image
                0x0000000017819654        0x4 common/built-in.o
                0x0000000017819654                genimg_get_image
 .text.genimg_has_config
                0x0000000017819658        0x8 common/built-in.o
                0x0000000017819658                genimg_has_config
 .text.boot_get_ramdisk
                0x0000000017819660      0x2b0 common/built-in.o
                0x0000000017819660                boot_get_ramdisk
 .text.boot_ramdisk_high
                0x0000000017819910      0x138 common/built-in.o
                0x0000000017819910                boot_ramdisk_high
 .text.boot_get_setup
                0x0000000017819a48        0x8 common/built-in.o
                0x0000000017819a48                boot_get_setup
 .text.image_setup_linux
                0x0000000017819a50       0x8c common/built-in.o
                0x0000000017819a50                image_setup_linux
 .text.android_image_get_kernel
                0x0000000017819adc      0x164 common/built-in.o
                0x0000000017819adc                android_image_get_kernel
 .text.android_image_check_header
                0x0000000017819c40       0x14 common/built-in.o
                0x0000000017819c40                android_image_check_header
 .text.android_image_get_end
                0x0000000017819c54       0x4c common/built-in.o
                0x0000000017819c54                android_image_get_end
 .text.android_image_get_kload
                0x0000000017819ca0       0x20 common/built-in.o
                0x0000000017819ca0                android_image_get_kload
 .text.android_image_get_ramdisk
                0x0000000017819cc0       0x7c common/built-in.o
                0x0000000017819cc0                android_image_get_ramdisk
 .text.fdt_error
                0x0000000017819d3c       0x2c common/built-in.o
 .text.boot_fdt_add_mem_rsv_regions
                0x0000000017819d68       0x88 common/built-in.o
                0x0000000017819d68                boot_fdt_add_mem_rsv_regions
 .text.boot_relocate_fdt
                0x0000000017819df0      0x194 common/built-in.o
                0x0000000017819df0                boot_relocate_fdt
 .text.boot_get_fdt
                0x0000000017819f84      0x2b0 common/built-in.o
                0x0000000017819f84                boot_get_fdt
 .text.ft_verify_fdt
                0x000000001781a234        0x8 common/built-in.o
                0x000000001781a234                ft_verify_fdt
 .text.image_setup_libfdt
                0x000000001781a23c      0x110 common/built-in.o
                0x000000001781a23c                image_setup_libfdt
 .text.get_effective_memsize
                0x000000001781a34c        0x8 common/built-in.o
                0x000000001781a34c                get_effective_memsize
 .text.nulldev_putc
                0x000000001781a354        0x4 common/built-in.o
 .text.nulldev_puts
                0x000000001781a358        0x4 common/built-in.o
 .text.nulldev_input
                0x000000001781a35c        0x8 common/built-in.o
 .text.stdio_serial_tstc
                0x000000001781a364        0x4 common/built-in.o
 .text.stdio_serial_getc
                0x000000001781a368        0x4 common/built-in.o
 .text.stdio_serial_puts
                0x000000001781a36c        0x8 common/built-in.o
 .text.stdio_serial_putc
                0x000000001781a374        0x8 common/built-in.o
 .text.stdio_get_list
                0x000000001781a37c        0xc common/built-in.o
                0x000000001781a37c                stdio_get_list
 .text.stdio_get_by_name
                0x000000001781a388       0x4c common/built-in.o
                0x000000001781a388                stdio_get_by_name
 .text.stdio_clone
                0x000000001781a3d4       0x40 common/built-in.o
                0x000000001781a3d4                stdio_clone
 .text.stdio_register_dev
                0x000000001781a414       0x50 common/built-in.o
                0x000000001781a414                stdio_register_dev
 .text.stdio_register
                0x000000001781a464        0x8 common/built-in.o
                0x000000001781a464                stdio_register
 .text.stdio_init_tables
                0x000000001781a46c       0x1c common/built-in.o
                0x000000001781a46c                stdio_init_tables
 .text.stdio_add_devices
                0x000000001781a488       0xd8 common/built-in.o
                0x000000001781a488                stdio_add_devices
 .text.run_command
                0x000000001781a560       0x10 common/built-in.o
                0x000000001781a560                run_command
 .text.run_command_list
                0x000000001781a570       0x7c common/built-in.o
                0x000000001781a570                run_command_list
 .text.do_run   0x000000001781a5ec       0x78 common/built-in.o
                0x000000001781a5ec                do_run
 .text.cli_loop
                0x000000001781a664        0xc common/built-in.o
                0x000000001781a664                cli_loop
 .text.cli_init
                0x000000001781a670        0x4 common/built-in.o
                0x000000001781a670                cli_init
 .text.delete_char.part.0
                0x000000001781a674       0xd0 common/built-in.o
 .text.cread_add_char
                0x000000001781a744       0xe8 common/built-in.o
 .text.cli_readline_into_buffer
                0x000000001781a82c      0x9c0 common/built-in.o
                0x000000001781a82c                cli_readline_into_buffer
 .text.cli_readline
                0x000000001781b1ec       0x14 common/built-in.o
                0x000000001781b1ec                cli_readline
 .text.find_cmd_tbl
                0x000000001781b200       0xa4 common/built-in.o
                0x000000001781b200                find_cmd_tbl
 .text.find_cmd
                0x000000001781b2a4       0x28 common/built-in.o
                0x000000001781b2a4                find_cmd
 .text.cmd_usage
                0x000000001781b2cc       0x5c common/built-in.o
                0x000000001781b2cc                cmd_usage
 .text._do_help
                0x000000001781b328      0x184 common/built-in.o
                0x000000001781b328                _do_help
 .text.var_complete
                0x000000001781b4ac       0x80 common/built-in.o
                0x000000001781b4ac                var_complete
 .text.cmd_auto_complete
                0x000000001781b52c      0x4b8 common/built-in.o
                0x000000001781b52c                cmd_auto_complete
 .text.cmd_get_data_size
                0x000000001781b9e4       0x5c common/built-in.o
                0x000000001781b9e4                cmd_get_data_size
 .text.cmd_process
                0x000000001781ba40       0xe8 common/built-in.o
                0x000000001781ba40                cmd_process
 .text.cmd_process_error
                0x000000001781bb28       0x30 common/built-in.o
                0x000000001781bb28                cmd_process_error
 .text.hex1_bin
                0x000000001781bb58       0x48 common/built-in.o
 .text.hex2_bin
                0x000000001781bba0       0x38 common/built-in.o
 .text.srec_decode
                0x000000001781bbd8      0x254 common/built-in.o
                0x000000001781bbd8                srec_decode
 .text.CYGACC_COMM_IF_GETC_TIMEOUT.isra.0
                0x000000001781be2c       0x4c common/built-in.o
 .text.xyzModem_flush
                0x000000001781be78       0x1c common/built-in.o
 .text.xyzModem_get_hdr
                0x000000001781be94      0x234 common/built-in.o
 .text.xyzModem_stream_open
                0x000000001781c0c8      0x258 common/built-in.o
                0x000000001781c0c8                xyzModem_stream_open
 .text.xyzModem_stream_read
                0x000000001781c320      0x24c common/built-in.o
                0x000000001781c320                xyzModem_stream_read
 .text.xyzModem_stream_close
                0x000000001781c56c       0x54 common/built-in.o
                0x000000001781c56c                xyzModem_stream_close
 .text.xyzModem_stream_terminate
                0x000000001781c5c0       0x94 common/built-in.o
                0x000000001781c5c0                xyzModem_stream_terminate
 .text.xyzModem_error
                0x000000001781c654       0x20 common/built-in.o
                0x000000001781c654                xyzModem_error
 .text.blk_get_dev
                0x000000001781c674       0x30 disk/built-in.o
                0x000000001781c674                blk_get_dev
 .text.dev_print
                0x000000001781c6a4      0x218 disk/built-in.o
                0x000000001781c6a4                dev_print
 .text.part_init
                0x000000001781c8bc       0x60 disk/built-in.o
                0x000000001781c8bc                part_init
 .text.part_print
                0x000000001781c91c      0x138 disk/built-in.o
                0x000000001781c91c                part_print
 .text.part_get_info
                0x000000001781ca54       0x70 disk/built-in.o
                0x000000001781ca54                part_get_info
 .text.blk_get_device_by_str
                0x000000001781cac4      0x154 disk/built-in.o
                0x000000001781cac4                blk_get_device_by_str
 .text.blk_get_device_part_str
                0x000000001781cc18      0x3f0 disk/built-in.o
                0x000000001781cc18                blk_get_device_part_str
 .text.test_block_type
                0x000000001781d008       0x7c disk/built-in.o
 .text.print_partition_extended
                0x000000001781d084      0x258 disk/built-in.o
 .text.part_print_dos
                0x000000001781d2dc       0x34 disk/built-in.o
                0x000000001781d2dc                part_print_dos
 .text.part_test_dos
                0x000000001781d310       0x5c disk/built-in.o
 .text.part_get_info_extended.constprop.4
                0x000000001781d36c      0x2e4 disk/built-in.o
 .text.part_get_info_dos
                0x000000001781d650       0x20 disk/built-in.o
                0x000000001781d650                part_get_info_dos
 .text.alloc_priv
                0x000000001781d670       0x4c drivers/built-in.o
 .text.device_bind
                0x000000001781d6bc      0x30c drivers/built-in.o
                0x000000001781d6bc                device_bind
 .text.device_bind_by_name
                0x000000001781d9c8       0x64 drivers/built-in.o
                0x000000001781d9c8                device_bind_by_name
 .text.device_probe
                0x000000001781da2c      0x22c drivers/built-in.o
                0x000000001781da2c                device_probe
 .text.dev_get_platdata
                0x000000001781dc58       0x30 drivers/built-in.o
                0x000000001781dc58                dev_get_platdata
 .text.dev_get_priv
                0x000000001781dc88       0x30 drivers/built-in.o
                0x000000001781dc88                dev_get_priv
 .text.lists_driver_lookup_name
                0x000000001781dcb8       0x58 drivers/built-in.o
                0x000000001781dcb8                lists_driver_lookup_name
 .text.lists_uclass_lookup
                0x000000001781dd10       0x48 drivers/built-in.o
                0x000000001781dd10                lists_uclass_lookup
 .text.lists_bind_drivers
                0x000000001781dd58       0x94 drivers/built-in.o
                0x000000001781dd58                lists_bind_drivers
 .text.dm_root  0x000000001781ddec       0x28 drivers/built-in.o
                0x000000001781ddec                dm_root
 .text.dm_init  0x000000001781de14       0x58 drivers/built-in.o
                0x000000001781de14                dm_init
 .text.dm_scan_platdata
                0x000000001781de6c       0x2c drivers/built-in.o
                0x000000001781de6c                dm_scan_platdata
 .text.dm_scan_other
                0x000000001781de98        0x8 drivers/built-in.o
                0x000000001781de98                dm_scan_other
 .text.dm_init_and_scan
                0x000000001781dea0       0x30 drivers/built-in.o
                0x000000001781dea0                dm_init_and_scan
 .text.uclass_find
                0x000000001781ded0       0x4c drivers/built-in.o
                0x000000001781ded0                uclass_find
 .text.uclass_get
                0x000000001781df1c      0x124 drivers/built-in.o
                0x000000001781df1c                uclass_get
 .text.uclass_find_device
                0x000000001781e040       0x74 drivers/built-in.o
                0x000000001781e040                uclass_find_device
 .text.uclass_find_device_by_seq
                0x000000001781e0b4       0x7c drivers/built-in.o
                0x000000001781e0b4                uclass_find_device_by_seq
 .text.uclass_get_device_tail
                0x000000001781e130       0x2c drivers/built-in.o
                0x000000001781e130                uclass_get_device_tail
 .text.uclass_get_device
                0x000000001781e15c       0x30 drivers/built-in.o
                0x000000001781e15c                uclass_get_device
 .text.uclass_bind_device
                0x000000001781e18c       0x7c drivers/built-in.o
                0x000000001781e18c                uclass_bind_device
 .text.uclass_unbind_device
                0x000000001781e208       0x4c drivers/built-in.o
                0x000000001781e208                uclass_unbind_device
 .text.uclass_resolve_seq
                0x000000001781e254       0xb0 drivers/built-in.o
                0x000000001781e254                uclass_resolve_seq
 .text.uclass_pre_probe_device
                0x000000001781e304       0x64 drivers/built-in.o
                0x000000001781e304                uclass_pre_probe_device
 .text.uclass_post_probe_device
                0x000000001781e368       0x28 drivers/built-in.o
                0x000000001781e368                uclass_post_probe_device
 .text.uclass_pre_remove_device
                0x000000001781e390       0x28 drivers/built-in.o
                0x000000001781e390                uclass_pre_remove_device
 .text.dm_warn  0x000000001781e3b8       0x28 drivers/built-in.o
                0x000000001781e3b8                dm_warn
 .text.device_free
                0x000000001781e3e0       0x90 drivers/built-in.o
                0x000000001781e3e0                device_free
 .text.device_remove
                0x000000001781e470      0x138 drivers/built-in.o
                0x000000001781e470                device_remove
 .text.show_devices
                0x000000001781e5a8       0xfc drivers/built-in.o
 .text.dm_dump_all
                0x000000001781e6a4       0x3c drivers/built-in.o
                0x000000001781e6a4                dm_dump_all
 .text.dm_dump_uclass
                0x000000001781e6e0       0xdc drivers/built-in.o
                0x000000001781e6e0                dm_dump_uclass
 .text.get_desc
                0x000000001781e7bc       0x68 drivers/built-in.o
 .text.blk_driver_lookup_type
                0x000000001781e824       0x48 drivers/built-in.o
                0x000000001781e824                blk_driver_lookup_type
 .text.blk_get_devnum_by_type
                0x000000001781e86c       0x3c drivers/built-in.o
                0x000000001781e86c                blk_get_devnum_by_type
 .text.blk_dselect_hwpart
                0x000000001781e8a8       0x48 drivers/built-in.o
                0x000000001781e8a8                blk_dselect_hwpart
 .text.blk_get_devnum_by_typename
                0x000000001781e8f0       0x7c drivers/built-in.o
                0x000000001781e8f0                blk_get_devnum_by_typename
 .text.blk_select_hwpart_devnum
                0x000000001781e96c       0x4c drivers/built-in.o
                0x000000001781e96c                blk_select_hwpart_devnum
 .text.finish_access
                0x000000001781e9b8       0x2c drivers/built-in.o
 .text.set_timing
                0x000000001781e9e4       0xa8 drivers/built-in.o
 .text.prepare_access
                0x000000001781ea8c       0x78 drivers/built-in.o
 .text.fuse_bank_physical
                0x000000001781eb04       0x64 drivers/built-in.o
                0x000000001781eb04                fuse_bank_physical
 .text.fuse_read
                0x000000001781eb68       0x70 drivers/built-in.o
                0x000000001781eb68                fuse_read
 .text.fuse_sense
                0x000000001781ebd8       0xac drivers/built-in.o
                0x000000001781ebd8                fuse_sense
 .text.fuse_prog
                0x000000001781ec84       0xa8 drivers/built-in.o
                0x000000001781ec84                fuse_prog
 .text.fuse_override
                0x000000001781ed2c       0x68 drivers/built-in.o
                0x000000001781ed2c                fuse_override
 .text.dfu_write_buffer_drain
                0x000000001781ed94       0xa8 drivers/built-in.o
 .text.dfu_free_buf
                0x000000001781ee3c       0x20 drivers/built-in.o
                0x000000001781ee3c                dfu_free_buf
 .text.dfu_get_buf_size
                0x000000001781ee5c       0x10 drivers/built-in.o
                0x000000001781ee5c                dfu_get_buf_size
 .text.dfu_get_buf
                0x000000001781ee6c       0xbc drivers/built-in.o
                0x000000001781ee6c                dfu_get_buf
 .text.dfu_write_transaction_cleanup
                0x000000001781ef28       0x40 drivers/built-in.o
                0x000000001781ef28                dfu_write_transaction_cleanup
 .text.dfu_flush
                0x000000001781ef68       0x64 drivers/built-in.o
                0x000000001781ef68                dfu_flush
 .text.dfu_write
                0x000000001781efcc      0x190 drivers/built-in.o
                0x000000001781efcc                dfu_write
 .text.dfu_read
                0x000000001781f15c      0x270 drivers/built-in.o
                0x000000001781f15c                dfu_read
 .text.dfu_free_entities
                0x000000001781f3cc       0x9c drivers/built-in.o
                0x000000001781f3cc                dfu_free_entities
 .text.dfu_config_entities
                0x000000001781f468      0x280 drivers/built-in.o
                0x000000001781f468                dfu_config_entities
 .text.dfu_init_env_entities
                0x000000001781f6e8       0x90 drivers/built-in.o
                0x000000001781f6e8                dfu_init_env_entities
 .text.dfu_get_dev_type
                0x000000001781f778       0x3c drivers/built-in.o
                0x000000001781f778                dfu_get_dev_type
 .text.dfu_get_layout
                0x000000001781f7b4       0x3c drivers/built-in.o
                0x000000001781f7b4                dfu_get_layout
 .text.dfu_show_entities
                0x000000001781f7f0       0x74 drivers/built-in.o
                0x000000001781f7f0                dfu_show_entities
 .text.dfu_get_alt_number
                0x000000001781f864       0x10 drivers/built-in.o
                0x000000001781f864                dfu_get_alt_number
 .text.dfu_get_entity
                0x000000001781f874       0x40 drivers/built-in.o
                0x000000001781f874                dfu_get_entity
 .text.mmc_block_op
                0x000000001781f8b4      0x1ec drivers/built-in.o
 .text.mmc_file_op
                0x000000001781faa0      0x1a0 drivers/built-in.o
 .text.dfu_free_entity_mmc
                0x000000001781fc40       0x28 drivers/built-in.o
                0x000000001781fc40                dfu_free_entity_mmc
 .text.dfu_write_medium_mmc
                0x000000001781fc68       0xb8 drivers/built-in.o
                0x000000001781fc68                dfu_write_medium_mmc
 .text.dfu_flush_medium_mmc
                0x000000001781fd20       0x48 drivers/built-in.o
                0x000000001781fd20                dfu_flush_medium_mmc
 .text.dfu_get_medium_size_mmc
                0x000000001781fd68       0x94 drivers/built-in.o
                0x000000001781fd68                dfu_get_medium_size_mmc
 .text.dfu_read_medium_mmc
                0x000000001781fdfc       0xec drivers/built-in.o
                0x000000001781fdfc                dfu_read_medium_mmc
 .text.dfu_fill_entity_mmc
                0x000000001781fee8      0x320 drivers/built-in.o
                0x000000001781fee8                dfu_fill_entity_mmc
 .text.dfu_get_medium_size_sf
                0x0000000017820208        0x8 drivers/built-in.o
 .text.dfu_read_medium_sf
                0x0000000017820210       0x24 drivers/built-in.o
 .text.dfu_flush_medium_sf
                0x0000000017820234        0x8 drivers/built-in.o
 .text.dfu_polltimeout_sf
                0x000000001782023c        0x8 drivers/built-in.o