f_fastboot.c:457:21:rx_bytes_expected	16	static
f_fastboot.c:245:28:fastboot_start_ep	16	static
f_fastboot.c:221:13:fastboot_unbind	0	static
f_fastboot.c:316:12:fastboot_add	16	static
f_fastboot.c:226:13:fastboot_disable	8	static
f_fastboot.c:264:12:fastboot_set_alt	16	static
f_fastboot.c:167:13:fastboot_complete	0	static
f_fastboot.c:577:13:do_exit_on_complete	0	static
f_fastboot.c:557:13:do_bootm_on_complete	32	static
f_fastboot.c:370:13:compl_do_reset	0	static
f_fastboot.c:393:12:strcmp_l1	16	static
f_fastboot.c:365:12:fastboot_tx_write_str	24	static
f_fastboot.c:701:13:rx_handler_command	40	static
f_fastboot.c:617:13:cb_oem	8	static
f_fastboot.c:582:13:cb_continue	0	static
f_fastboot.c:571:13:cb_boot	0	static
f_fastboot.c:533:13:cb_download	96	static
f_fastboot.c:482:13:rx_handler_dl_image	96	static
f_fastboot.c:400:13:cb_getvar	112	static
f_fastboot.c:175:12:fastboot_bind	24	static
f_fastboot.c:155:6:fastboot_fail	16	static
f_fastboot.c:161:6:fastboot_okay	16	static
f_fastboot.c:375:12:fb_set_reboot_flag	0	static
f_fastboot.c:380:13:cb_reboot	8	static
