mmc.c:1006:13:mmc_set_ios	8	static
mmc.c:543:12:mmc_set_capacity	24	static
mmc.c:24:12:board_mmc_getwp	0	static
mmc.c:29:5:mmc_getwp	8	static
mmc.c:45:12:board_mmc_getcd	0	static
mmc.c:50:5:mmc_send_cmd	8	static
mmc.c:448:12:mmc_send_ext_csd	56	static
mmc.c:273:12:mmc_go_idle	40	static
mmc.c:362:12:mmc_send_op_cond_iter	40	static
mmc.c:112:5:mmc_send_status	48	static
mmc.c:470:12:0	40	static
mmc.c:612:12:mmc_select_hwpartp	24	static
mmc.c:164:5:mmc_set_blocklen	40	static
mmc.c:223:14:mmc_bread	80	static
mmc.c:634:5:mmc_hwpart_config	616	static
mmc.c:828:5:mmc_getcd	8	static
mmc.c:1012:6:mmc_set_clock	0	static
mmc.c:1032:12:mmc_startup	1328	static
mmc.c:1535:18:mmc_register	8	static
mmc.c:1589:13:mmc_create	16	static
mmc.c:1627:6:mmc_destroy	0	static
mmc.c:1653:13:board_mmc_power_init	0	static
mmc.c:1657:5:mmc_start_init	56	static
mmc.c:1738:5:mmc_init	16	static
mmc.c:1635:12:mmc_get_dev	16	static
mmc.c:1761:5:mmc_set_dsr	0	static
mmc.c:1768:12:cpu_mmc_init	0	static
mmc.c:1774:12:board_mmc_init	0	static
mmc.c:1779:6:mmc_set_preinit	0	static
mmc.c:1828:5:mmc_initialize	8	static
mmc.c:1864:5:mmc_boot_partition_size_change	56	static
mmc.c:1926:5:mmc_set_boot_bus_width	0	static
mmc.c:1947:5:mmc_set_part_conf	0	static
mmc.c:1967:5:mmc_set_rst_n_function	0	static
