clock.c:366:12:get_ipg_clk	8	static
clock.c:393:12:get_uart_clk	16	static
clock.c:275:12:mxc_get_pll_pfd	16	static
clock.c:907:12:get_usdhc_clk	8	static
clock.c:28:6:enable_ocotp_clk	0	static
clock.c:82:6:enable_usboh3_clk	0	static
clock.c:96:6:enable_enet_clk	8	static
clock.c:116:6:enable_uart_clk	8	static
clock.c:133:5:enable_usdhc_clk	0	static
clock.c:152:5:enable_i2c_clk	16	static
clock.c:190:5:enable_spi_clk	0	static
clock.c:316:5:get_periph_clk	8	static
clock.c:428:12:get_axi_clk	8	static
clock.c:835:5:enable_fec_anatop_clock	16	static
clock.c:950:5:imx_get_uartclk	0	static
clock.c:1022:5:enable_pcie_clock	8	static
clock.c:1123:6:enable_thermal_clk	0	static
clock.c:1128:14:mxc_get_clock	24	static
clock.c:955:5:imx_get_fecclk	0	static
clock.c:1173:5:do_mx6_showclocks	16	static
clock.c:1206:6:enable_ipu_clock	8	static
clock.c:1269:6:select_ldb_di_clock_source	16	static
