soc.c:60:5:get_nr_cpus	0	static
soc.c:66:5:get_cpu_rev	0	static
soc.c:111:5:get_cpu_speed_grade_hz	8	static
soc.c:150:5:get_cpu_temp_grade	0	static
soc.c:181:12:get_board_rev	8	static
soc.c:317:5:arch_cpu_init	8	static
soc.c:372:12:board_mmc_get_env_dev	0	static
soc.c:402:5:mmc_get_env_dev	0	static
soc.c:432:5:board_postclk_init	8	static
soc.c:440:6:imx_get_mac_from_fuse	16	static
soc.c:497:6:reset_misc	0	static
soc.c:504:6:s_init	8	static
soc.c:549:6:imx_enable_hdmi_phy	8	static
soc.c:565:6:imx_setup_hdmi	0	static
