mx6sabresd.c:183:13:enable_rgb	8	static
mx6sabresd.c:362:13:do_enable_hdmi	0	static
mx6sabresd.c:60:5:dram_init	8	static
mx6sabresd.c:238:5:board_mmc_get_env_dev	0	static
mx6sabresd.c:243:5:board_mmc_getcd	8	static
mx6sabresd.c:263:5:board_mmc_init	16	static
mx6sabresd.c:491:5:overwrite_console	0	static
mx6sabresd.c:496:5:board_eth_init	8	static
mx6sabresd.c:532:5:board_ehci_hcd_init	0	static
mx6sabresd.c:547:5:board_ehci_power	8	static
mx6sabresd.c:567:5:board_early_init_f	8	static
mx6sabresd.c:577:5:board_init	8	static
mx6sabresd.c:594:5:power_init_board	16	static
mx6sabresd.c:624:5:board_spi_cs_gpio	0	static
mx6sabresd.c:641:5:board_late_init	8	static
mx6sabresd.c:661:5:checkboard	8	static
