mmc.c:814:12:do_mmcops	32	static
mmc.c:145:20:init_mmc_device	16	static
mmc.c:416:12:do_mmc_rescan	8	static
mmc.c:729:12:do_mmc_rst_func	16	static
mmc.c:702:12:do_mmc_partconf	24	static
mmc.c:671:12:do_mmc_boot_resize	24	static
mmc.c:645:12:do_mmc_bootbus	24	static
mmc.c:562:12:do_mmc_hwpartition	104	static
mmc.c:487:12:do_mmc_list	8	static
mmc.c:446:12:do_mmc_dev	24	static
mmc.c:427:12:do_mmc_part	8	static
mmc.c:388:12:do_mmc_erase	24	static
mmc.c:358:12:do_mmc_write	24	static
mmc.c:330:12:do_mmc_read	24	static
mmc.c:160:12:do_mmcinfo	40	static
mmc.c:764:12:do_mmc_setdsr	16	static
