mxc_i2c.c:190:12:wait_for_sr_state	56	static
mxc_i2c.c:224:12:tx_byte	8	static
mxc_i2c.c:166:12:bus_i2c_set_bus_speed	16	static
mxc_i2c.c:673:12:mxc_i2c_set_bus_speed	0	static
mxc_i2c.c:254:13:i2c_imx_stop	8	static
mxc_i2c.c:245:6:__i2c_force_reset_slave	0	static
mxc_i2c.c:330:5:i2c_idle_bus	8	static
mxc_i2c.c:408:12:i2c_init_transfer	56	static
mxc_i2c.c:620:12:mxc_i2c_probe	8	static
mxc_i2c.c:603:12:mxc_i2c_read	40	static
mxc_i2c.c:610:12:mxc_i2c_write	24	static
mxc_i2c.c:598:21:i2c_get_base	0	static
mxc_i2c.c:625:5:__enable_i2c_clk	0	static
mxc_i2c.c:632:6:bus_i2c_init	16	static
mxc_i2c.c:665:13:mxc_i2c_init	16	static
