ehci-hcd.c:122:12:ehci_get_port_speed	0	static
ehci-hcd.c:127:13:ehci_set_usbmode	0	static
ehci-hcd.c:149:18:ehci_get_portsc_register	0	static
ehci-hcd.c:143:13:ehci_powerup_fixup	0	static
ehci-hcd.c:160:12:handshake	24	static
ehci-hcd.c:204:12:ehci_shutdown	16	static
ehci-hcd.c:237:12:ehci_td_buffer	16	static
ehci-hcd.c:1380:14:_ehci_poll_int_queue	24	static
ehci-hcd.c:1197:1:2	8	static
ehci-hcd.c:1176:1:3	8	static
ehci-hcd.c:1421:12:_ehci_destroy_int_queue	32	static
ehci-hcd.c:281:13:4	16	static
ehci-hcd.c:297:1:ehci_submit_async	232	static
ehci-hcd.c:1216:26:6	88	static
ehci-hcd.c:963:6:ehci_set_controller_priv	16	static
ehci-hcd.c:971:7:ehci_get_controller_priv	0	static
ehci-hcd.c:1087:5:usb_lowlevel_stop	8	static
ehci-hcd.c:1093:5:usb_lowlevel_init	32	static
ehci-hcd.c:1506:5:submit_bulk_msg	16	static
ehci-hcd.c:1512:5:submit_control_msg	56	static
ehci-hcd.c:1518:5:submit_int_msg	32	static
ehci-hcd.c:1524:19:create_int_queue	0	static
ehci-hcd.c:1532:7:poll_int_queue	0	static
ehci-hcd.c:1537:5:destroy_int_queue	0	static
