device.c:506:24:_device_find_global_by_of_offset	16	static
device.c:211:14:alloc_priv	16	static
device.c:29:5:device_bind	40	static
device.c:196:5:device_bind_by_name	32	static
device.c:226:5:device_probe	16	static
device.c:353:7:dev_get_platdata	8	static
device.c:363:7:dev_get_parent_platdata	8	static
device.c:373:7:dev_get_uclass_platdata	8	static
device.c:383:7:dev_get_priv	8	static
device.c:393:7:dev_get_uclass_priv	8	static
device.c:403:7:dev_get_parent_priv	8	static
device.c:428:5:device_get_child	16	static
device.c:440:5:device_find_child_by_seq	12	static
device.c:460:5:device_get_child_by_seq	24	static
device.c:478:5:device_find_child_by_of_offset	0	static
device.c:495:5:device_get_child_by_of_offset	24	static
device.c:523:5:device_get_global_by_of_offset	16	static
device.c:531:5:device_find_first_child	0	static
device.c:543:5:device_find_next_child	0	static
device.c:558:17:dev_get_parent	0	static
device.c:563:7:dev_get_driver_data	0	static
device.c:568:13:dev_get_driver_ops	0	static
device.c:576:16:device_get_uclass_id	0	static
device.c:581:13:dev_get_uclass_name	0	static
device.c:589:12:dev_get_addr_index	0	static
device.c:655:12:dev_get_addr_name	0	static
device.c:671:12:dev_get_addr	0	static
device.c:676:7:dev_get_addr_ptr	0	static
device.c:681:6:device_has_children	0	static
device.c:686:6:device_has_active_children	16	static
device.c:700:6:device_is_last_sibling	0	static
device.c:709:6:device_set_name_alloced	0	static
device.c:714:5:device_set_name	8	static
device.c:725:6:of_device_is_compatible	8	static
device.c:732:6:of_machine_is_compatible	8	static
